MAP
  NAME "tsird"
  STATUS ON
  EXTENT 33.0 3.0 48.0 15.5
  FONTSET "/fonts/fonts.txt"
  SYMBOLSET "/symbols/symbols.sym"

  WEB
    METADATA
      "wms_title" "TSIRD WMS"
      "wms_onlineresource" "https://lab.tigrayinsights.net/map/ogc?"
      "wms_enable_request" "*"
      "wms_srs" "EPSG:4326 EPSG:3857"
      # Optional if you want scripts to omit STYLES:
      "wms_allow_getmap_without_styles" "true"
    END
    TEMPLATE "dummy.html"
  END

  PROJECTION
    "init=epsg:4326"
  END

  # LEGEND object for WMS GetLegendGraphic support
  LEGEND
    STATUS ON
    KEYSIZE 20 12
    KEYSPACING 5 5
    LABEL
      TYPE TRUETYPE
      FONT "arial"
      SIZE 9
      COLOR 0 0 0
    END
  END

  # OUTPUTFORMAT definitions for PNG rendering
  OUTPUTFORMAT
    NAME "png"
    DRIVER AGG/PNG
    MIMETYPE "image/png"
    IMAGEMODE RGB
    EXTENSION "png"
    FORMATOPTION "INTERLACE=OFF"
  END

  OUTPUTFORMAT
    NAME "png8"
    DRIVER AGG/PNG8
    MIMETYPE "image/png; mode=8bit"
    IMAGEMODE RGB
    EXTENSION "png"
    FORMATOPTION "QUANTIZE_FORCE=ON"
    FORMATOPTION "QUANTIZE_COLORS=256"
  END

  # SYMBOL definitions for POINT layers
  SYMBOL
    NAME "circle"
    TYPE ELLIPSE
    POINTS 1 1 END
  END

  SYMBOL
    NAME "square"
    TYPE VECTOR
    POINTS 0 0 0 1 1 1 1 0 0 0 END
  END

  INCLUDE "includes/vectors_gold.map"

  # PostGIS Gold Layers (main mapfile)
  LAYER
  NAME "ethiopia_roads"
  TYPE LINE
  STATUS ON
  PROJECTION
    "init=epsg:4326"
  END
  CONNECTIONTYPE POSTGIS
  # NOTE: Replace YOUR_DB_PASSWORD with actual password from .env.tsird
  CONNECTION "host=tsird-postgis dbname=tsird user=tsird password=change_me_strong port=5432"

  # Roads stored in EPSG:4326, MapServer will handle reprojection
  DATA "geom FROM gold.roads USING UNIQUE road_id USING SRID=4326"

  METADATA
    "wms_title" "Road Network"
    "wms_enable_request" "*"
    "wms_srs" "EPSG:20137 EPSG:4326 EPSG:3857"
  END

  CLASS
    STYLE
      COLOR 200 60 60
      WIDTH 1
    END
  END
END

  LAYER
  NAME "ethiopia_aoi"
  TYPE POLYGON
  STATUS ON
  PROJECTION
    "init=epsg:4326"
  END
  CONNECTIONTYPE POSTGIS
  # NOTE: Replace YOUR_DB_PASSWORD with actual password from .env.tsird
  CONNECTION "host=tsird-postgis dbname=tsird user=tsird password=change_me_strong port=5432"
  DATA "geom FROM gold.aoi_ethiopia USING UNIQUE aoi_id USING SRID=4326"
  METADATA
    "wms_title" "Area of Interest"
    "wms_enable_request" "*"
    "wms_srs" "EPSG:4326 EPSG:20137 EPSG:3857"
  END
  CLASS
    STYLE
      COLOR 255 255 0
      OPACITY 50
    END
  END
  END

  LAYER
  NAME "ethiopia_dem"
  TYPE RASTER
  STATUS ON
  PROJECTION
    "init=epsg:20137"
  END
  DATA "/data/gold/dem/et-dtm-2001_20137.tif"
  PROCESSING "NODATA=-32768"
  METADATA
    "wms_title" "DEM (et-dtm-2001)"
    "wms_enable_request" "*"
    "wms_srs" "EPSG:20137 EPSG:4326 EPSG:3857"
    "DESCRIPTION" "DTM"
  END
  CLASS
    NAME "< 500"
    EXPRESSION ([pixel] > -165 AND [pixel] < 500)
    STYLE
      COLOR 238 232 170
    END
  END
  CLASS
    NAME "500 - 1000"
    EXPRESSION ([pixel] >= 500 AND [pixel] < 1000)
    STYLE
      COLOR 240 230 140
    END
  END
  CLASS
    NAME "1000 - 1500"
    EXPRESSION ([pixel] >= 1000 AND [pixel] < 1500)
    STYLE
      COLOR 189 183 107
    END
  END
  CLASS
    NAME "1500 - 2000"
    EXPRESSION ([pixel] >= 1500 AND [pixel] < 2000)
    STYLE
      COLOR 154 205 50
    END
  END
  CLASS
    NAME "2000 - 2500"
    EXPRESSION ([pixel] >= 2000 AND [pixel] < 2500)
    STYLE
      COLOR 124 252 0
    END
  END
  CLASS
    NAME "2500 - 3000"
    EXPRESSION ([pixel] >= 2500 AND [pixel] < 3000)
    STYLE
      COLOR 50 205 50
    END
  END
  CLASS
    NAME "3000 - 3500"
    EXPRESSION ([pixel] >= 3000 AND [pixel] < 3500)
    STYLE
      COLOR 128 178 109
    END
  END
  CLASS
    NAME "3500 - 4000"
    EXPRESSION ([pixel] >= 3500 AND [pixel] < 4000)
    STYLE
      COLOR 34 139 34
    END
  END
  CLASS
    NAME "> 4000"
    EXPRESSION ([pixel] >= 4000)
    STYLE
      COLOR 0 100 0
    END
  END
  END

  LAYER
  NAME "ethiopia_slope"
  TYPE RASTER
  STATUS ON
  PROJECTION
    "init=epsg:20137"
  END
  DATA "/data/gold/slope/et-slp-2001_20137.tif"
  METADATA
    "wms_title" "Slope (et-slp-2001)"
    "wms_enable_request" "*"
    "wms_srs" "EPSG:20137 EPSG:4326 EPSG:3857"
    "DESCRIPTION" "Slope Class"
  END
  CLASS
    NAME "No Data"
    EXPRESSION ([pixel] = 0)
    STYLE
      COLOR 255 255 255
    END
  END
  CLASS
    NAME "Almost Level"
    EXPRESSION ([pixel] = 1)
    STYLE
      COLOR 253 245 230
    END
  END
  CLASS
    NAME "Gently Sloping"
    EXPRESSION ([pixel] = 2)
    STYLE
      COLOR 255 228 196
    END
  END
  CLASS
    NAME "Moderately Sloping"
    EXPRESSION ([pixel] = 3)
    STYLE
      COLOR 238 232 170
    END
  END
  CLASS
    NAME "Sloping"
    EXPRESSION ([pixel] = 4)
    STYLE
      COLOR 255 160 122
    END
  END
  CLASS
    NAME "Steep"
    EXPRESSION ([pixel] = 5)
    STYLE
      COLOR 255 99 71
    END
  END
  CLASS
    NAME "Very Steep"
    EXPRESSION ([pixel] = 6)
    STYLE
      COLOR 178 34 34
    END
  END
  CLASS
    NAME "Extremely Steep"
    EXPRESSION ([pixel] >= 7)
    STYLE
      COLOR 255 0 0
    END
  END
  END

# Use RGB color-relief copy for better rendering of slope
  LAYER
  NAME "ethiopia_slope_rgb"
  TYPE RASTER
  STATUS ON
  PROJECTION
    "init=epsg:20137"
  END
  DATA "/data/gold/slope/et-slp-2001_20137_rgb_clipped.tif"
  METADATA
    "wms_title" "Slope (et-slp-2001 RGB Clipped)"
    "wms_enable_request" "*"
    "wms_srs" "EPSG:20137 EPSG:4326 EPSG:3857"
  END
  CLASS
    STYLE
      OPACITY 100
    END
  END
  END

  # ═══════════════════════════════════════════════════════════
  # Eritrea Administrative Boundaries (GADM 4.1)
  # ═══════════════════════════════════════════════════════════

  LAYER
    NAME "eritrea_admin0"
    TYPE POLYGON
    STATUS ON
    PROJECTION
      "init=epsg:4326"
    END
    DATA "/data/gold/eritrea/gadm41_ERI_0.shp"
    METADATA
      "wms_title" "Eritrea - Country"
      "wms_enable_request" "*"
      "wms_srs" "EPSG:4326 EPSG:3857"
    END
    CLASS
      NAME "Eritrea Country"
      STYLE
        OUTLINECOLOR 139 69 19
        WIDTH 2
      END
    END
  END

  LAYER
    NAME "eritrea_admin1"
    TYPE POLYGON
    STATUS ON
    PROJECTION
      "init=epsg:4326"
    END
    DATA "/data/gold/eritrea/gadm41_ERI_1.shp"
    METADATA
      "wms_title" "Eritrea - Regions (Zobas)"
      "wms_enable_request" "*"
      "wms_srs" "EPSG:4326 EPSG:3857"
    END
    CLASS
      NAME "Eritrea Zobas"
      STYLE
        OUTLINECOLOR 160 82 45
        WIDTH 1.5
      END
    END
  END

  LAYER
    NAME "eritrea_admin2"
    TYPE POLYGON
    STATUS ON
    PROJECTION
      "init=epsg:4326"
    END
    DATA "/data/gold/eritrea/gadm41_ERI_2.shp"
    METADATA
      "wms_title" "Eritrea - Districts"
      "wms_enable_request" "*"
      "wms_srs" "EPSG:4326 EPSG:3857"
    END
    CLASS
      NAME "Eritrea Districts"
      STYLE
        OUTLINECOLOR 205 133 63
        WIDTH 1
      END
    END
  END

END

# Changelog
# 2026-03-04: Phase 2 Complete Restore (v0.2.2)
#   - Added Eritrea administrative boundaries (admin0, admin1, admin2) from GADM 4.1
#   - Implemented DEM classification (9 elevation classes: <500m to >4000m)
#   - Implemented Slope classification (8 classes: No Data to Extremely Steep)
#   - Removed SCALE=AUTO and CLASSITEM from raster layers (fixes classification)
#   - Added OUTPUTFORMAT definitions for PNG/PNG8
#   - Data requirement: /data/gold/eritrea/gadm41_ERI_*.shp (not in git)
# 2026-02-24: Stage 5 - Enforced publication contract (R5.1)
#   - Created layers_published.map with ONLY published layers
#   - Removed 3 unpublished raster layers (ethiopia_cia_basemap, ethiopia_language, ethiopia_hillshade)
#   - Total published: 12 layers (7 from layers_published.map + 5 in main mapfile)
# 2026-02-17: Standardized WMS layer IDs
