MAP
  NAME "tsird"
  STATUS ON
  EXTENT 33.0 3.0 48.0 15.5

  WEB
    METADATA
      "wms_title" "TSIRD WMS"
      "wms_onlineresource" "https://lab.tigrayinsights.net/map/ogc?"
      "wms_enable_request" "*"
      "wms_srs" "EPSG:4326 EPSG:3857"
      # Optional if you want scripts to omit STYLES:
      "wms_allow_getmap_without_styles" "true"
    END
    TEMPLATE "dummy.html"
  END

  PROJECTION
    "init=epsg:4326"
  END

  # SYMBOL definitions for POINT layers
  SYMBOL
    NAME "circle"
    TYPE ELLIPSE
    POINTS 1 1 END
  END

  SYMBOL
    NAME "square"
    TYPE VECTOR
    POINTS 0 0 0 1 1 1 1 0 0 0 END
  END

  INCLUDE "includes/layers_published_all.map"

  # PostGIS Gold Layers (main mapfile)
  LAYER
  NAME "ethiopia_roads"
  TYPE LINE
  STATUS ON
  PROJECTION
    "init=epsg:4326"
  END
  CONNECTIONTYPE POSTGIS
  # NOTE: Replace YOUR_DB_PASSWORD with actual password from .env.tsird
  CONNECTION "host=tsird-postgis dbname=tsird user=tsird password=change_me_strong port=5432"

  # Roads stored in EPSG:4326, MapServer will handle reprojection
  DATA "geom FROM gold.roads USING UNIQUE road_id USING SRID=4326"

  METADATA
    "wms_title" "Road Network"
    "wms_enable_request" "*"
    "wms_srs" "EPSG:20137 EPSG:4326 EPSG:3857"
  END

  CLASS
    STYLE
      COLOR 200 60 60
      WIDTH 1
    END
  END
END

  LAYER
  NAME "ethiopia_aoi"
  TYPE POLYGON
  STATUS ON
  PROJECTION
    "init=epsg:4326"
  END
  CONNECTIONTYPE POSTGIS
  # NOTE: Replace YOUR_DB_PASSWORD with actual password from .env.tsird
  CONNECTION "host=tsird-postgis dbname=tsird user=tsird password=change_me_strong port=5432"
  DATA "geom FROM gold.aoi_ethiopia USING UNIQUE aoi_id USING SRID=4326"
  METADATA
    "wms_title" "Area of Interest"
    "wms_enable_request" "*"
    "wms_srs" "EPSG:4326 EPSG:20137 EPSG:3857"
  END
  CLASS
    STYLE
      COLOR 255 255 0
      OPACITY 50
    END
  END
  END

  LAYER
  NAME "ethiopia_dem"
  TYPE RASTER
  STATUS ON
  PROJECTION
    "init=epsg:20137"
  END
  DATA "/data/gold/dem/et-dtm-2001_20137.tif"
  METADATA
    "wms_title" "DEM (et-dtm-2001)"
    "wms_enable_request" "*"
    "wms_srs" "EPSG:20137 EPSG:4326 EPSG:3857"
  END
  # Use RGB color-relief copy for better rendering
  DATA "/data/gold/dem/et-dtm-2001_20137_rgb.tif"
  CLASS
    STYLE
      COLOR 100 150 200
    END
  END
  END

  LAYER
  NAME "ethiopia_slope"
  TYPE RASTER
  STATUS ON
  PROJECTION
    "init=epsg:20137"
  END
  DATA "/data/gold/slope/et-slp-2001_20137.tif"
  METADATA
    "wms_title" "Slope (et-slp-2001)"
    "wms_enable_request" "*"
    "wms_srs" "EPSG:20137 EPSG:4326 EPSG:3857"
  END
  CLASS
    STYLE
      COLOR 200 100 50
    END
  END
  END

# Use RGB color-relief copy for better rendering of slope
  LAYER
  NAME "ethiopia_slope_rgb"
  TYPE RASTER
  STATUS ON
  PROJECTION
    "init=epsg:20137"
  END
  DATA "/data/gold/slope/et-slp-2001_20137_rgb.tif"
  METADATA
    "wms_title" "Slope (et-slp-2001 RGB)"
    "wms_enable_request" "*"
    "wms_srs" "EPSG:20137 EPSG:4326 EPSG:3857"
  END
  CLASS
    STYLE
      OPACITY 100
    END
  END
  END

END

# Changelog
# 2026-02-24: Stage 5 - Enforced publication contract (R5.1)
#   - Created layers_published.map with ONLY published layers
#   - Removed 3 unpublished raster layers (ethiopia_cia_basemap, ethiopia_language, ethiopia_hillshade)
#   - Total published: 12 layers (7 from layers_published.map + 5 in main mapfile)
# 2026-02-17: Standardized WMS layer IDs
