# Raw vector layers from /data/gold/atlas_4326/
# Generated for TSIRD mapserver - canonical EPSG:4326 shapefile atlas
#
# CHANGELOG 2026-02-21:
# - Fixed all OGR DATA field names (now correctly reference actual shapefile layer names)
# - Removed all PROJECTION blocks (data is canonically EPSG:4326, MAP-level projection handles reprojection)
# - Verified all CONNECTION paths map to existing files in /data/gold/atlas_4326/
#
# GetFeatureInfo Metadata Strategy:
# - GetFeatureInfo is enabled via METADATA keywords: wms_include_items, gml_include_items, wms_feature_info_mime_type
# - Each layer includes TEMPLATE "dummy.html" for HTML output format
# - The DUMP keyword (unsupported in MapServer 8.6.0) has been removed; METADATA + TEMPLATE provide feature attributes
# - Each layer includes curated field lists for meaningful attribute queries
# - See docs/atlas/vector_featureinfo_plan.yml for field curation rationale
#
# Projection Handling:
# - All data is EPSG:4326 (WGS 84 geographic)
# - MAP-level PROJECTION is EPSG:4326, no layer-level projection blocks needed
# - OGR layers do not have PROJECTION declarations (relies on MAP-level projection)
# - MapServer automatically handles CRS conversion from EPSG:4326 as needed

LAYER
  NAME "ethiopia_zones"
  STATUS ON
  TYPE POLYGON
  CONNECTIONTYPE OGR
  CONNECTION "/data/gold/atlas_4326/bound03.shp"
  DATA "bound03"
  LABELITEM "ZONES"
  LABELMAXSCALEDENOM 3000000
  METADATA
    "wms_title" "Ethiopia - Zones (pre-91)"
    "wms_srs" "EPSG:3857 EPSG:4326"
    "wms_enable_request" "*"
    "wms_queryable" "true"
    "wms_feature_info_mime_type" "text/plain"
    "gml_include_items" "ZONES,AREA,PERIMETER,ETZONES01C,ETZONES01C_1"
    "wms_include_items" "ZONES,AREA,PERIMETER,ETZONES01C,ETZONES01C_1"
  END
  TEMPLATE "dummy.html"
  CLASS
    NAME "Zones"
    STYLE
      COLOR 171 170 107
      OUTLINECOLOR 0 0 0
      OPACITY 50
    END
    LABEL
      COLOR 50 50 50
      OUTLINECOLOR 255 255 255
      OUTLINEWIDTH 2
      FONT "arial"
      TYPE TRUETYPE
      SIZE 9
      POSITION AUTO
      PARTIALS FALSE
    END
  END
END

# Development-only CHIRPS v3 seasonal rainfall-condition summary. This layer
# deliberately renders only rows that passed the grid-coverage quality gate.
LAYER
  NAME "tigray_drought_chirps_dev"
  TYPE POLYGON
  STATUS OFF
  CONNECTIONTYPE POSTGIS
  CONNECTION "host=tsird-postgis port=5432 dbname=tsird user=tsird password=change_me_strong"
  DATA "geometry FROM (SELECT t.gid, t.geometry, t.\"TABIA\", t.\"WEREDA\", c.percentile, c.condition_class, c.rainfall_mm, c.baseline_median_mm, c.grid_cell_count, c.coverage_pct, c.quality_status FROM tigray_tabias_ws t JOIN tsird.drought_tabia_rainfall_condition c USING (tsird_tabia_id) WHERE c.run_id=(SELECT run_id FROM tsird.drought_rainfall_run WHERE status='development' ORDER BY source_latest_month DESC, cardinality(season_months) DESC, created_at DESC LIMIT 1) AND c.quality_status='ok') AS drought USING UNIQUE gid USING SRID=4326"
  CLASSITEM "rainfall_mm"
  METADATA
    "wms_title" "Tigray Latest Rainfall Condition (CHIRPS v3, development)"
    "wms_srs" "EPSG:3857"
    "wms_enable_request" "*"
    "wms_queryable" "true"
    "wms_feature_info_mime_type" "text/plain"
    "gml_include_items" "TABIA,WEREDA,percentile,condition_class,rainfall_mm,baseline_median_mm,grid_cell_count,coverage_pct,quality_status"
    "wms_include_items" "TABIA,WEREDA,percentile,condition_class,rainfall_mm,baseline_median_mm,grid_cell_count,coverage_pct,quality_status"
  END
  TEMPLATE "dummy.html"
  CLASS NAME "Below 50 mm" EXPRESSION ([rainfall_mm] < 50) STYLE COLOR 255 247 188 OUTLINECOLOR 205 185 100 WIDTH 0.4 END END
  CLASS NAME "50–100 mm" EXPRESSION (([rainfall_mm] >= 50) AND ([rainfall_mm] < 100)) STYLE COLOR 254 227 145 OUTLINECOLOR 205 170 75 WIDTH 0.4 END END
  CLASS NAME "100–150 mm" EXPRESSION (([rainfall_mm] >= 100) AND ([rainfall_mm] < 150)) STYLE COLOR 254 196 79 OUTLINECOLOR 190 140 50 WIDTH 0.4 END END
  CLASS NAME "150–200 mm" EXPRESSION (([rainfall_mm] >= 150) AND ([rainfall_mm] < 200)) STYLE COLOR 254 153 41 OUTLINECOLOR 180 105 45 WIDTH 0.4 END END
  CLASS NAME "200–250 mm" EXPRESSION (([rainfall_mm] >= 200) AND ([rainfall_mm] < 250)) STYLE COLOR 236 112 20 OUTLINECOLOR 165 80 35 WIDTH 0.4 END END
  CLASS NAME "250–300 mm" EXPRESSION (([rainfall_mm] >= 250) AND ([rainfall_mm] < 300)) STYLE COLOR 204 76 2 OUTLINECOLOR 135 60 20 WIDTH 0.4 END END
  CLASS NAME "300–350 mm" EXPRESSION (([rainfall_mm] >= 300) AND ([rainfall_mm] < 350)) STYLE COLOR 153 52 4 OUTLINECOLOR 110 45 20 WIDTH 0.4 END END
  CLASS NAME "350–400 mm" EXPRESSION (([rainfall_mm] >= 350) AND ([rainfall_mm] < 400)) STYLE COLOR 102 37 6 OUTLINECOLOR 80 35 20 WIDTH 0.4 END END
  CLASS NAME "400–450 mm" EXPRESSION (([rainfall_mm] >= 400) AND ([rainfall_mm] < 450)) STYLE COLOR 71 25 8 OUTLINECOLOR 60 25 18 WIDTH 0.4 END END
  CLASS NAME "At least 450 mm" EXPRESSION ([rainfall_mm] >= 450) STYLE COLOR 45 18 8 OUTLINECOLOR 45 18 15 WIDTH 0.4 END END
END

# Development evidence layers.  These use the latest local run only and keep
# source-specific value bands: they are not risk, drought, or food-security classes.
LAYER
  NAME "tigray_drought_ndvi_dev"
  TYPE POLYGON
  STATUS OFF
  CONNECTIONTYPE POSTGIS
  CONNECTION "host=tsird-postgis port=5432 dbname=tsird user=tsird password=change_me_strong"
  DATA "geometry FROM (SELECT t.gid,t.geometry,t.\"TABIA\",t.\"WEREDA\",n.ndvi_mean,n.coverage_pct,n.quality_status FROM tigray_tabias_ws t JOIN tsird.drought_tabia_ndvi n USING (tsird_tabia_id) WHERE n.run_id=(SELECT run_id FROM tsird.drought_ndvi_run ORDER BY observation_end DESC, created_at DESC LIMIT 1) AND n.quality_status='ok') AS ndvi USING UNIQUE gid USING SRID=4326"
  CLASSITEM "ndvi_mean"
  METADATA
    "wms_title" "Tigray Vegetation Condition (NDVI, development)"
    "wms_srs" "EPSG:3857" "wms_enable_request" "*" "wms_queryable" "true"
    "gml_include_items" "TABIA,WEREDA,ndvi_mean,coverage_pct,quality_status"
  END
  TEMPLATE "dummy.html"
  CLASS NAME "NDVI below 0.10" EXPRESSION ([ndvi_mean] < 0.10) STYLE COLOR 165 0 38 OUTLINECOLOR 110 40 55 WIDTH 0.4 END END
  CLASS NAME "NDVI 0.10–0.20" EXPRESSION (([ndvi_mean] >= 0.10) AND ([ndvi_mean] < 0.20)) STYLE COLOR 215 48 39 OUTLINECOLOR 150 50 55 WIDTH 0.4 END END
  CLASS NAME "NDVI 0.20–0.30" EXPRESSION (([ndvi_mean] >= 0.20) AND ([ndvi_mean] < 0.30)) STYLE COLOR 244 109 67 OUTLINECOLOR 175 70 50 WIDTH 0.4 END END
  CLASS NAME "NDVI 0.30–0.40" EXPRESSION (([ndvi_mean] >= 0.30) AND ([ndvi_mean] < 0.40)) STYLE COLOR 253 174 97 OUTLINECOLOR 180 110 60 WIDTH 0.4 END END
  CLASS NAME "NDVI 0.40–0.50" EXPRESSION (([ndvi_mean] >= 0.40) AND ([ndvi_mean] < 0.50)) STYLE COLOR 254 224 139 OUTLINECOLOR 180 150 75 WIDTH 0.4 END END
  CLASS NAME "NDVI 0.50–0.60" EXPRESSION (([ndvi_mean] >= 0.50) AND ([ndvi_mean] < 0.60)) STYLE COLOR 217 239 139 OUTLINECOLOR 145 165 75 WIDTH 0.4 END END
  CLASS NAME "NDVI 0.60–0.70" EXPRESSION (([ndvi_mean] >= 0.60) AND ([ndvi_mean] < 0.70)) STYLE COLOR 166 217 106 OUTLINECOLOR 100 145 65 WIDTH 0.4 END END
  CLASS NAME "NDVI 0.70–0.80" EXPRESSION (([ndvi_mean] >= 0.70) AND ([ndvi_mean] < 0.80)) STYLE COLOR 102 189 99 OUTLINECOLOR 65 125 65 WIDTH 0.4 END END
  CLASS NAME "NDVI 0.80–0.90" EXPRESSION (([ndvi_mean] >= 0.80) AND ([ndvi_mean] < 0.90)) STYLE COLOR 26 152 80 OUTLINECOLOR 35 105 55 WIDTH 0.4 END END
  CLASS NAME "NDVI at least 0.90" EXPRESSION ([ndvi_mean] >= 0.90) STYLE COLOR 0 104 55 OUTLINECOLOR 15 75 40 WIDTH 0.4 END END
END

LAYER
  NAME "tigray_drought_swi_dev"
  TYPE POLYGON
  STATUS OFF
  CONNECTIONTYPE POSTGIS
  CONNECTION "host=tsird-postgis port=5432 dbname=tsird user=tsird password=change_me_strong"
  DATA "geometry FROM (SELECT t.gid,t.geometry,t.\"TABIA\",t.\"WEREDA\",s.swi040_mean,s.coverage_pct,s.quality_status FROM tigray_tabias_ws t JOIN tsird.drought_tabia_swi s USING (tsird_tabia_id) WHERE s.run_id=(SELECT run_id FROM tsird.drought_swi_run ORDER BY observation_at DESC, created_at DESC LIMIT 1) AND s.quality_status='ok') AS swi USING UNIQUE gid USING SRID=4326"
  CLASSITEM "swi040_mean"
  METADATA
    "wms_title" "Tigray Soil-water Context (SWI-040, development)"
    "wms_srs" "EPSG:3857" "wms_enable_request" "*" "wms_queryable" "true"
    "gml_include_items" "TABIA,WEREDA,swi040_mean,coverage_pct,quality_status"
  END
  TEMPLATE "dummy.html"
  CLASS NAME "SWI-040 below 10%" EXPRESSION ([swi040_mean] < 10) STYLE COLOR 178 24 43 OUTLINECOLOR 110 40 55 WIDTH 0.4 END END
  CLASS NAME "SWI-040 10–20%" EXPRESSION (([swi040_mean] >= 10) AND ([swi040_mean] < 20)) STYLE COLOR 214 96 77 OUTLINECOLOR 150 65 55 WIDTH 0.4 END END
  CLASS NAME "SWI-040 20–30%" EXPRESSION (([swi040_mean] >= 20) AND ([swi040_mean] < 30)) STYLE COLOR 244 165 130 OUTLINECOLOR 185 105 85 WIDTH 0.4 END END
  CLASS NAME "SWI-040 30–40%" EXPRESSION (([swi040_mean] >= 30) AND ([swi040_mean] < 40)) STYLE COLOR 253 219 199 OUTLINECOLOR 195 160 145 WIDTH 0.4 END END
  CLASS NAME "SWI-040 40–50%" EXPRESSION (([swi040_mean] >= 40) AND ([swi040_mean] < 50)) STYLE COLOR 247 247 247 OUTLINECOLOR 180 180 180 WIDTH 0.4 END END
  CLASS NAME "SWI-040 50–60%" EXPRESSION (([swi040_mean] >= 50) AND ([swi040_mean] < 60)) STYLE COLOR 209 229 240 OUTLINECOLOR 145 175 195 WIDTH 0.4 END END
  CLASS NAME "SWI-040 60–70%" EXPRESSION (([swi040_mean] >= 60) AND ([swi040_mean] < 70)) STYLE COLOR 146 197 222 OUTLINECOLOR 95 145 175 WIDTH 0.4 END END
  CLASS NAME "SWI-040 70–80%" EXPRESSION (([swi040_mean] >= 70) AND ([swi040_mean] < 80)) STYLE COLOR 67 147 195 OUTLINECOLOR 60 110 150 WIDTH 0.4 END END
  CLASS NAME "SWI-040 80–90%" EXPRESSION (([swi040_mean] >= 80) AND ([swi040_mean] < 90)) STYLE COLOR 33 102 172 OUTLINECOLOR 35 80 130 WIDTH 0.4 END END
  CLASS NAME "SWI-040 at least 90%" EXPRESSION ([swi040_mean] >= 90) STYLE COLOR 5 48 97 OUTLINECOLOR 20 50 90 WIDTH 0.4 END END
END

LAYER
  NAME "tigray_drought_lst_dev"
  TYPE POLYGON
  STATUS OFF
  CONNECTIONTYPE POSTGIS
  CONNECTION "host=tsird-postgis port=5432 dbname=tsird user=tsird password=change_me_strong"
  DATA "geometry FROM (SELECT t.gid,t.geometry,t.\"TABIA\",t.\"WEREDA\",l.lst_c_mean,l.errorbar_c_mean,l.coverage_pct,l.quality_status FROM tigray_tabias_ws t JOIN tsird.drought_tabia_lst l USING (tsird_tabia_id) WHERE l.run_id=(SELECT run_id FROM tsird.drought_lst_run ORDER BY observation_at DESC, created_at DESC LIMIT 1) AND l.quality_status='ok') AS lst USING UNIQUE gid USING SRID=4326"
  CLASSITEM "lst_c_mean"
  METADATA
    "wms_title" "Tigray Thermal Context (LST, development)"
    "wms_srs" "EPSG:3857" "wms_enable_request" "*" "wms_queryable" "true"
    "gml_include_items" "TABIA,WEREDA,lst_c_mean,errorbar_c_mean,coverage_pct,quality_status"
  END
  TEMPLATE "dummy.html"
  CLASS NAME "LST below 15 °C" EXPRESSION ([lst_c_mean] < 15) STYLE COLOR 5 48 97 OUTLINECOLOR 20 50 90 WIDTH 0.4 END END
  CLASS NAME "LST 15–20 °C" EXPRESSION (([lst_c_mean] >= 15) AND ([lst_c_mean] < 20)) STYLE COLOR 33 102 172 OUTLINECOLOR 35 80 130 WIDTH 0.4 END END
  CLASS NAME "LST 20–25 °C" EXPRESSION (([lst_c_mean] >= 20) AND ([lst_c_mean] < 25)) STYLE COLOR 67 147 195 OUTLINECOLOR 60 110 150 WIDTH 0.4 END END
  CLASS NAME "LST 25–30 °C" EXPRESSION (([lst_c_mean] >= 25) AND ([lst_c_mean] < 30)) STYLE COLOR 146 197 222 OUTLINECOLOR 95 145 175 WIDTH 0.4 END END
  CLASS NAME "LST 30–35 °C" EXPRESSION (([lst_c_mean] >= 30) AND ([lst_c_mean] < 35)) STYLE COLOR 209 229 240 OUTLINECOLOR 145 175 195 WIDTH 0.4 END END
  CLASS NAME "LST 35–40 °C" EXPRESSION (([lst_c_mean] >= 35) AND ([lst_c_mean] < 40)) STYLE COLOR 254 224 139 OUTLINECOLOR 180 150 75 WIDTH 0.4 END END
  CLASS NAME "LST 40–45 °C" EXPRESSION (([lst_c_mean] >= 40) AND ([lst_c_mean] < 45)) STYLE COLOR 253 174 97 OUTLINECOLOR 180 110 60 WIDTH 0.4 END END
  CLASS NAME "LST 45–50 °C" EXPRESSION (([lst_c_mean] >= 45) AND ([lst_c_mean] < 50)) STYLE COLOR 244 109 67 OUTLINECOLOR 175 70 50 WIDTH 0.4 END END
  CLASS NAME "LST 50–55 °C" EXPRESSION (([lst_c_mean] >= 50) AND ([lst_c_mean] < 55)) STYLE COLOR 214 48 43 OUTLINECOLOR 150 50 55 WIDTH 0.4 END END
  CLASS NAME "LST at least 55 °C" EXPRESSION ([lst_c_mean] >= 55) STYLE COLOR 165 0 38 OUTLINECOLOR 110 40 55 WIDTH 0.4 END END
END

# Native-grid development evidence. Stable published paths are atomically
# replaced by the local runner after a validated source acquisition; they retain
# their provider grid rather than being resampled to Tabia boundaries.
LAYER
  NAME "tigray_drought_chirps_raw_dev"
  TYPE RASTER
  STATUS OFF
  DATA "/data/drought/published/chirps-current-rainfall.tif"
  METADATA
    "wms_title" "Tigray Latest Rainfall Total (CHIRPS native grid, development)"
    "wms_srs" "EPSG:3857 EPSG:4326" "wms_enable_request" "*"
  END
  CLASS NAME "Below 50 mm" EXPRESSION ([pixel] < 50) STYLE COLOR 255 247 188 END END
  CLASS NAME "50–100 mm" EXPRESSION (([pixel] >= 50) AND ([pixel] < 100)) STYLE COLOR 254 227 145 END END
  CLASS NAME "100–150 mm" EXPRESSION (([pixel] >= 100) AND ([pixel] < 150)) STYLE COLOR 254 196 79 END END
  CLASS NAME "150–200 mm" EXPRESSION (([pixel] >= 150) AND ([pixel] < 200)) STYLE COLOR 254 153 41 END END
  CLASS NAME "200–250 mm" EXPRESSION (([pixel] >= 200) AND ([pixel] < 250)) STYLE COLOR 236 112 20 END END
  CLASS NAME "250–300 mm" EXPRESSION (([pixel] >= 250) AND ([pixel] < 300)) STYLE COLOR 204 76 2 END END
  CLASS NAME "300–350 mm" EXPRESSION (([pixel] >= 300) AND ([pixel] < 350)) STYLE COLOR 153 52 4 END END
  CLASS NAME "350–400 mm" EXPRESSION (([pixel] >= 350) AND ([pixel] < 400)) STYLE COLOR 102 37 6 END END
  CLASS NAME "400–450 mm" EXPRESSION (([pixel] >= 400) AND ([pixel] < 450)) STYLE COLOR 71 25 8 END END
  CLASS NAME "At least 450 mm" EXPRESSION ([pixel] >= 450) STYLE COLOR 45 18 8 END END
END

LAYER
  NAME "tigray_drought_chirps_rapid_raw_dev"
  TYPE RASTER
  STATUS OFF
  DATA "/data/drought/published/chirps-rapid-rainfall.tif"
  METADATA
    "wms_title" "Tigray Rapid Rainfall Total (CHIRPS preliminary native grid, development)"
    "wms_srs" "EPSG:3857 EPSG:4326" "wms_enable_request" "*"
  END
  CLASS NAME "Below 50 mm" EXPRESSION ([pixel] < 50) STYLE COLOR 255 247 188 END END
  CLASS NAME "50–100 mm" EXPRESSION (([pixel] >= 50) AND ([pixel] < 100)) STYLE COLOR 254 227 145 END END
  CLASS NAME "100–150 mm" EXPRESSION (([pixel] >= 100) AND ([pixel] < 150)) STYLE COLOR 254 196 79 END END
  CLASS NAME "150–200 mm" EXPRESSION (([pixel] >= 150) AND ([pixel] < 200)) STYLE COLOR 254 153 41 END END
  CLASS NAME "200–250 mm" EXPRESSION (([pixel] >= 200) AND ([pixel] < 250)) STYLE COLOR 236 112 20 END END
  CLASS NAME "250–300 mm" EXPRESSION (([pixel] >= 250) AND ([pixel] < 300)) STYLE COLOR 204 76 2 END END
  CLASS NAME "300–350 mm" EXPRESSION (([pixel] >= 300) AND ([pixel] < 350)) STYLE COLOR 153 52 4 END END
  CLASS NAME "350–400 mm" EXPRESSION (([pixel] >= 350) AND ([pixel] < 400)) STYLE COLOR 102 37 6 END END
  CLASS NAME "400–450 mm" EXPRESSION (([pixel] >= 400) AND ([pixel] < 450)) STYLE COLOR 71 25 8 END END
  CLASS NAME "At least 450 mm" EXPRESSION ([pixel] >= 450) STYLE COLOR 45 18 8 END END
END

LAYER
  NAME "tigray_drought_chirps_rapid_tabia_dev"
  TYPE POLYGON
  STATUS OFF
  CONNECTIONTYPE POSTGIS
  CONNECTION "host=tsird-postgis port=5432 dbname=tsird user=tsird password=change_me_strong"
  DATA "geometry FROM (SELECT t.gid,t.geometry,t.\"TABIA\",t.\"WEREDA\",p.rainfall_mm,p.coverage_pct,p.quality_status FROM tigray_tabias_ws t JOIN tsird.drought_tabia_preliminary_rainfall p USING (tsird_tabia_id) WHERE p.run_id=(SELECT run_id FROM tsird.drought_preliminary_rainfall_run WHERE status='development' ORDER BY period_end DESC, created_at DESC LIMIT 1) AND p.quality_status='ok') AS rapid USING UNIQUE gid USING SRID=4326"
  CLASSITEM "rainfall_mm"
  METADATA
    "wms_title" "Tigray Rapid Rainfall Total (CHIRPS preliminary Tabia summary, development)"
    "wms_srs" "EPSG:3857" "wms_enable_request" "*" "wms_queryable" "true"
    "gml_include_items" "TABIA,WEREDA,rainfall_mm,coverage_pct,quality_status"
  END
  TEMPLATE "dummy.html"
  CLASS NAME "Below 50 mm" EXPRESSION ([rainfall_mm] < 50) STYLE COLOR 255 247 188 OUTLINECOLOR 205 185 100 WIDTH 0.4 END END
  CLASS NAME "50–100 mm" EXPRESSION (([rainfall_mm] >= 50) AND ([rainfall_mm] < 100)) STYLE COLOR 254 227 145 OUTLINECOLOR 205 170 75 WIDTH 0.4 END END
  CLASS NAME "100–150 mm" EXPRESSION (([rainfall_mm] >= 100) AND ([rainfall_mm] < 150)) STYLE COLOR 254 196 79 OUTLINECOLOR 190 140 50 WIDTH 0.4 END END
  CLASS NAME "150–200 mm" EXPRESSION (([rainfall_mm] >= 150) AND ([rainfall_mm] < 200)) STYLE COLOR 254 153 41 OUTLINECOLOR 180 105 45 WIDTH 0.4 END END
  CLASS NAME "200–250 mm" EXPRESSION (([rainfall_mm] >= 200) AND ([rainfall_mm] < 250)) STYLE COLOR 236 112 20 OUTLINECOLOR 165 80 35 WIDTH 0.4 END END
  CLASS NAME "250–300 mm" EXPRESSION (([rainfall_mm] >= 250) AND ([rainfall_mm] < 300)) STYLE COLOR 204 76 2 OUTLINECOLOR 135 60 20 WIDTH 0.4 END END
  CLASS NAME "300–350 mm" EXPRESSION (([rainfall_mm] >= 300) AND ([rainfall_mm] < 350)) STYLE COLOR 153 52 4 OUTLINECOLOR 110 45 20 WIDTH 0.4 END END
  CLASS NAME "350–400 mm" EXPRESSION (([rainfall_mm] >= 350) AND ([rainfall_mm] < 400)) STYLE COLOR 102 37 6 OUTLINECOLOR 80 35 20 WIDTH 0.4 END END
  CLASS NAME "400–450 mm" EXPRESSION (([rainfall_mm] >= 400) AND ([rainfall_mm] < 450)) STYLE COLOR 71 25 8 OUTLINECOLOR 60 25 18 WIDTH 0.4 END END
  CLASS NAME "At least 450 mm" EXPRESSION ([rainfall_mm] >= 450) STYLE COLOR 45 18 8 OUTLINECOLOR 45 18 15 WIDTH 0.4 END END
END

LAYER
  NAME "tigray_drought_ndvi_raw_dev"
  TYPE RASTER
  STATUS OFF
  DATA "/data/drought/published/ndvi-current.tif"
  METADATA
    "wms_title" "Tigray Vegetation Condition (Copernicus NDVI native grid, development)"
    "wms_srs" "EPSG:3857 EPSG:4326" "wms_enable_request" "*"
  END
  CLASS NAME "NDVI below 0.10" EXPRESSION ([pixel] < 0.10) STYLE COLOR 165 0 38 END END
  CLASS NAME "NDVI 0.10–0.20" EXPRESSION (([pixel] >= 0.10) AND ([pixel] < 0.20)) STYLE COLOR 215 48 39 END END
  CLASS NAME "NDVI 0.20–0.30" EXPRESSION (([pixel] >= 0.20) AND ([pixel] < 0.30)) STYLE COLOR 244 109 67 END END
  CLASS NAME "NDVI 0.30–0.40" EXPRESSION (([pixel] >= 0.30) AND ([pixel] < 0.40)) STYLE COLOR 253 174 97 END END
  CLASS NAME "NDVI 0.40–0.50" EXPRESSION (([pixel] >= 0.40) AND ([pixel] < 0.50)) STYLE COLOR 254 224 139 END END
  CLASS NAME "NDVI 0.50–0.60" EXPRESSION (([pixel] >= 0.50) AND ([pixel] < 0.60)) STYLE COLOR 217 239 139 END END
  CLASS NAME "NDVI 0.60–0.70" EXPRESSION (([pixel] >= 0.60) AND ([pixel] < 0.70)) STYLE COLOR 166 217 106 END END
  CLASS NAME "NDVI 0.70–0.80" EXPRESSION (([pixel] >= 0.70) AND ([pixel] < 0.80)) STYLE COLOR 102 189 99 END END
  CLASS NAME "NDVI 0.80–0.90" EXPRESSION (([pixel] >= 0.80) AND ([pixel] < 0.90)) STYLE COLOR 26 152 80 END END
  CLASS NAME "NDVI at least 0.90" EXPRESSION ([pixel] >= 0.90) STYLE COLOR 0 104 55 END END
END

LAYER
  NAME "tigray_drought_swi_raw_dev"
  TYPE RASTER
  STATUS OFF
  DATA "/data/drought/published/swi040-current.tif"
  METADATA
    "wms_title" "Tigray Soil-water Context (Copernicus SWI-040 native grid, development)"
    "wms_srs" "EPSG:3857 EPSG:4326" "wms_enable_request" "*"
  END
  CLASS NAME "SWI-040 below 10%" EXPRESSION ([pixel] < 10) STYLE COLOR 178 24 43 END END
  CLASS NAME "SWI-040 10–20%" EXPRESSION (([pixel] >= 10) AND ([pixel] < 20)) STYLE COLOR 214 96 77 END END
  CLASS NAME "SWI-040 20–30%" EXPRESSION (([pixel] >= 20) AND ([pixel] < 30)) STYLE COLOR 244 165 130 END END
  CLASS NAME "SWI-040 30–40%" EXPRESSION (([pixel] >= 30) AND ([pixel] < 40)) STYLE COLOR 253 219 199 END END
  CLASS NAME "SWI-040 40–50%" EXPRESSION (([pixel] >= 40) AND ([pixel] < 50)) STYLE COLOR 247 247 247 END END
  CLASS NAME "SWI-040 50–60%" EXPRESSION (([pixel] >= 50) AND ([pixel] < 60)) STYLE COLOR 209 229 240 END END
  CLASS NAME "SWI-040 60–70%" EXPRESSION (([pixel] >= 60) AND ([pixel] < 70)) STYLE COLOR 146 197 222 END END
  CLASS NAME "SWI-040 70–80%" EXPRESSION (([pixel] >= 70) AND ([pixel] < 80)) STYLE COLOR 67 147 195 END END
  CLASS NAME "SWI-040 80–90%" EXPRESSION (([pixel] >= 80) AND ([pixel] < 90)) STYLE COLOR 33 102 172 END END
  CLASS NAME "SWI-040 at least 90%" EXPRESSION ([pixel] >= 90) STYLE COLOR 5 48 97 END END
END

LAYER
  NAME "tigray_drought_lst_raw_dev"
  TYPE RASTER
  STATUS OFF
  DATA "/data/drought/published/lst-current.tif"
  METADATA
    "wms_title" "Tigray Thermal Context (Copernicus LST native grid, development)"
    "wms_srs" "EPSG:3857 EPSG:4326" "wms_enable_request" "*"
  END
  CLASS NAME "LST below 15 °C" EXPRESSION ([pixel] < 15) STYLE COLOR 5 48 97 END END
  CLASS NAME "LST 15–20 °C" EXPRESSION (([pixel] >= 15) AND ([pixel] < 20)) STYLE COLOR 33 102 172 END END
  CLASS NAME "LST 20–25 °C" EXPRESSION (([pixel] >= 20) AND ([pixel] < 25)) STYLE COLOR 67 147 195 END END
  CLASS NAME "LST 25–30 °C" EXPRESSION (([pixel] >= 25) AND ([pixel] < 30)) STYLE COLOR 146 197 222 END END
  CLASS NAME "LST 30–35 °C" EXPRESSION (([pixel] >= 30) AND ([pixel] < 35)) STYLE COLOR 209 229 240 END END
  CLASS NAME "LST 35–40 °C" EXPRESSION (([pixel] >= 35) AND ([pixel] < 40)) STYLE COLOR 254 224 139 END END
  CLASS NAME "LST 40–45 °C" EXPRESSION (([pixel] >= 40) AND ([pixel] < 45)) STYLE COLOR 253 174 97 END END
  CLASS NAME "LST 45–50 °C" EXPRESSION (([pixel] >= 45) AND ([pixel] < 50)) STYLE COLOR 244 109 67 END END
  CLASS NAME "LST 50–55 °C" EXPRESSION (([pixel] >= 50) AND ([pixel] < 55)) STYLE COLOR 214 48 43 END END
  CLASS NAME "LST at least 55 °C" EXPRESSION ([pixel] >= 55) STYLE COLOR 165 0 38 END END
END

# FAO WaPOR water-use context. Transpiration is vegetation water use in the
# provider's dekadal composite, expressed as a daily mean (mm/day), while AETI
# remains a supporting GetFeatureInfo field. These numeric bands do not express
# crop yield, drought, or priority.
LAYER
  NAME "tigray_drought_wapor_dev"
  TYPE POLYGON
  STATUS OFF
  CONNECTIONTYPE POSTGIS
  CONNECTION "host=tsird-postgis port=5432 dbname=tsird user=tsird password=change_me_strong"
  DATA "geometry FROM (SELECT t.gid,t.geometry,t.\"TABIA\",t.\"WEREDA\",w.transpiration_mm,w.aeti_mm,w.coverage_pct,w.quality_status FROM tigray_tabias_ws t JOIN tsird.drought_tabia_wapor w USING (tsird_tabia_id) WHERE w.run_id=(SELECT run_id FROM tsird.drought_wapor_run ORDER BY source_period_end DESC, created_at DESC LIMIT 1) AND w.quality_status='ok') AS wapor USING UNIQUE gid USING SRID=4326"
  CLASSITEM "transpiration_mm"
  METADATA
    "wms_title" "Tigray Agricultural Water Use (FAO WaPOR transpiration, development)"
    "wms_srs" "EPSG:3857" "wms_enable_request" "*" "wms_queryable" "true"
    "gml_include_items" "TABIA,WEREDA,transpiration_mm,aeti_mm,coverage_pct,quality_status"
  END
  TEMPLATE "dummy.html"
  CLASS NAME "Transpiration below 0.5 mm/day" EXPRESSION ([transpiration_mm] < 0.5) STYLE COLOR 255 247 188 OUTLINECOLOR 205 185 100 WIDTH 0.4 END END
  CLASS NAME "0.5–1.0 mm/day" EXPRESSION (([transpiration_mm] >= 0.5) AND ([transpiration_mm] < 1.0)) STYLE COLOR 254 227 145 OUTLINECOLOR 205 170 75 WIDTH 0.4 END END
  CLASS NAME "1.0–1.5 mm/day" EXPRESSION (([transpiration_mm] >= 1.0) AND ([transpiration_mm] < 1.5)) STYLE COLOR 254 196 79 OUTLINECOLOR 190 140 50 WIDTH 0.4 END END
  CLASS NAME "1.5–2.0 mm/day" EXPRESSION (([transpiration_mm] >= 1.5) AND ([transpiration_mm] < 2.0)) STYLE COLOR 254 153 41 OUTLINECOLOR 180 105 45 WIDTH 0.4 END END
  CLASS NAME "2.0–2.5 mm/day" EXPRESSION (([transpiration_mm] >= 2.0) AND ([transpiration_mm] < 2.5)) STYLE COLOR 236 112 20 OUTLINECOLOR 165 80 35 WIDTH 0.4 END END
  CLASS NAME "2.5–3.0 mm/day" EXPRESSION (([transpiration_mm] >= 2.5) AND ([transpiration_mm] < 3.0)) STYLE COLOR 204 76 2 OUTLINECOLOR 135 60 20 WIDTH 0.4 END END
  CLASS NAME "3.0–3.5 mm/day" EXPRESSION (([transpiration_mm] >= 3.0) AND ([transpiration_mm] < 3.5)) STYLE COLOR 153 52 4 OUTLINECOLOR 110 45 20 WIDTH 0.4 END END
  CLASS NAME "3.5–4.0 mm/day" EXPRESSION (([transpiration_mm] >= 3.5) AND ([transpiration_mm] < 4.0)) STYLE COLOR 102 37 6 OUTLINECOLOR 80 35 20 WIDTH 0.4 END END
  CLASS NAME "4.0–5.0 mm/day" EXPRESSION (([transpiration_mm] >= 4.0) AND ([transpiration_mm] < 5.0)) STYLE COLOR 71 25 8 OUTLINECOLOR 60 25 18 WIDTH 0.4 END END
  CLASS NAME "At least 5.0 mm/day" EXPRESSION ([transpiration_mm] >= 5.0) STYLE COLOR 45 18 8 OUTLINECOLOR 45 18 15 WIDTH 0.4 END END
END

LAYER
  NAME "tigray_drought_wapor_raw_dev"
  TYPE RASTER
  STATUS OFF
  DATA "/data/drought/published/wapor-transpiration-current.tif"
  METADATA
    "wms_title" "Tigray Agricultural Water Use (FAO WaPOR transpiration native grid, development)"
    "wms_srs" "EPSG:3857 EPSG:4326" "wms_enable_request" "*"
  END
  CLASS NAME "Transpiration below 0.5 mm/day" EXPRESSION ([pixel] < 0.5) STYLE COLOR 255 247 188 END END
  CLASS NAME "0.5–1.0 mm/day" EXPRESSION (([pixel] >= 0.5) AND ([pixel] < 1.0)) STYLE COLOR 254 227 145 END END
  CLASS NAME "1.0–1.5 mm/day" EXPRESSION (([pixel] >= 1.0) AND ([pixel] < 1.5)) STYLE COLOR 254 196 79 END END
  CLASS NAME "1.5–2.0 mm/day" EXPRESSION (([pixel] >= 1.5) AND ([pixel] < 2.0)) STYLE COLOR 254 153 41 END END
  CLASS NAME "2.0–2.5 mm/day" EXPRESSION (([pixel] >= 2.0) AND ([pixel] < 2.5)) STYLE COLOR 236 112 20 END END
  CLASS NAME "2.5–3.0 mm/day" EXPRESSION (([pixel] >= 2.5) AND ([pixel] < 3.0)) STYLE COLOR 204 76 2 END END
  CLASS NAME "3.0–3.5 mm/day" EXPRESSION (([pixel] >= 3.0) AND ([pixel] < 3.5)) STYLE COLOR 153 52 4 END END
  CLASS NAME "3.5–4.0 mm/day" EXPRESSION (([pixel] >= 3.5) AND ([pixel] < 4.0)) STYLE COLOR 102 37 6 END END
  CLASS NAME "4.0–5.0 mm/day" EXPRESSION (([pixel] >= 4.0) AND ([pixel] < 5.0)) STYLE COLOR 71 25 8 END END
  CLASS NAME "At least 5.0 mm/day" EXPRESSION ([pixel] >= 5.0) STYLE COLOR 45 18 8 END END
END

LAYER
  NAME "tigray_drought_road_accessibility_dev"
  TYPE POLYGON
  STATUS OFF
  CONNECTIONTYPE POSTGIS
  CONNECTION "host=tsird-postgis port=5432 dbname=tsird user=tsird password=change_me_strong"
  DATA "geometry FROM (SELECT t.gid,t.geometry,t.\"TABIA\",t.\"WEREDA\",a.nearest_road_m,a.tigray_roads_2006_intersects,a.quality_status FROM tigray_tabias_ws t JOIN tsird.drought_tabia_road_accessibility a USING (tsird_tabia_id) WHERE a.run_id=(SELECT run_id FROM tsird.drought_road_accessibility_run WHERE status='development' ORDER BY created_at DESC LIMIT 1) AND a.quality_status='ok') AS road_access USING UNIQUE gid USING SRID=4326"
  CLASSITEM "nearest_road_m"
  METADATA
    "wms_title" "Federal and Regional Road Network Proximity (ERA + TRRA, development)"
    "wms_srs" "EPSG:3857" "wms_enable_request" "*" "wms_queryable" "true"
    "gml_include_items" "TABIA,WEREDA,nearest_road_m,tigray_roads_2006_intersects,quality_status"
  END
  TEMPLATE "dummy.html"
  CLASS NAME "Within 0.9 km" EXPRESSION ([nearest_road_m] < 900) STYLE COLOR 26 152 80 OUTLINECOLOR 30 100 60 WIDTH 0.4 END END
  CLASS NAME "0.9–2.7 km" EXPRESSION (([nearest_road_m] >= 900) AND ([nearest_road_m] < 2700)) STYLE COLOR 166 217 106 OUTLINECOLOR 90 140 70 WIDTH 0.4 END END
  CLASS NAME "2.7–5.5 km" EXPRESSION (([nearest_road_m] >= 2700) AND ([nearest_road_m] < 5500)) STYLE COLOR 254 224 139 OUTLINECOLOR 160 130 70 WIDTH 0.4 END END
  CLASS NAME "5.5–10 km" EXPRESSION (([nearest_road_m] >= 5500) AND ([nearest_road_m] < 10000)) STYLE COLOR 252 141 89 OUTLINECOLOR 160 100 70 WIDTH 0.4 END END
  CLASS NAME "10 km or farther" EXPRESSION ([nearest_road_m] >= 10000) STYLE COLOR 215 48 39 OUTLINECOLOR 110 70 70 WIDTH 0.4 END END
END

LAYER
  NAME "tigray_drought_population_dev"
  TYPE POLYGON
  STATUS OFF
  CONNECTIONTYPE POSTGIS
  CONNECTION "host=tsird-postgis port=5432 dbname=tsird user=tsird password=change_me_strong"
  DATA "geometry FROM (SELECT t.gid,t.geometry,t.\"TABIA\",t.\"WEREDA\",p.population_total,p.people_per_sq_km,p.coverage_pct,p.quality_status FROM tigray_tabias_ws t JOIN tsird.drought_tabia_population p USING (tsird_tabia_id) WHERE p.run_id=(SELECT run_id FROM tsird.drought_population_run WHERE status='development' ORDER BY created_at DESC LIMIT 1) AND p.quality_status='ok') AS population USING UNIQUE gid USING SRID=4326"
  CLASSITEM "population_total"
  METADATA
    "wms_title" "WorldPop Population Baseline (2025, Tabia, development)"
    "wms_srs" "EPSG:3857" "wms_enable_request" "*" "wms_queryable" "true"
    "gml_include_items" "TABIA,WEREDA,population_total,people_per_sq_km,coverage_pct,quality_status"
  END
  TEMPLATE "dummy.html"
  CLASS NAME "Below 4,015 people" EXPRESSION ([population_total] < 4015) STYLE COLOR 247 251 255 OUTLINECOLOR 175 190 205 WIDTH 0.4 END END
  CLASS NAME "4,015–5,257 people" EXPRESSION (([population_total] >= 4015) AND ([population_total] < 5257)) STYLE COLOR 222 235 247 OUTLINECOLOR 160 180 200 WIDTH 0.4 END END
  CLASS NAME "5,257–6,093 people" EXPRESSION (([population_total] >= 5257) AND ([population_total] < 6093)) STYLE COLOR 198 219 239 OUTLINECOLOR 140 165 190 WIDTH 0.4 END END
  CLASS NAME "6,093–6,964 people" EXPRESSION (([population_total] >= 6093) AND ([population_total] < 6964)) STYLE COLOR 158 202 225 OUTLINECOLOR 110 145 180 WIDTH 0.4 END END
  CLASS NAME "6,964–7,955 people" EXPRESSION (([population_total] >= 6964) AND ([population_total] < 7955)) STYLE COLOR 107 174 214 OUTLINECOLOR 80 125 165 WIDTH 0.4 END END
  CLASS NAME "7,955–9,114 people" EXPRESSION (([population_total] >= 7955) AND ([population_total] < 9114)) STYLE COLOR 66 146 198 OUTLINECOLOR 55 105 150 WIDTH 0.4 END END
  CLASS NAME "9,114–10,753 people" EXPRESSION (([population_total] >= 9114) AND ([population_total] < 10753)) STYLE COLOR 33 113 181 OUTLINECOLOR 40 85 135 WIDTH 0.4 END END
  CLASS NAME "10,753–13,253 people" EXPRESSION (([population_total] >= 10753) AND ([population_total] < 13253)) STYLE COLOR 8 81 156 OUTLINECOLOR 25 60 115 WIDTH 0.4 END END
  CLASS NAME "13,253–18,451 people" EXPRESSION (([population_total] >= 13253) AND ([population_total] < 18451)) STYLE COLOR 8 48 107 OUTLINECOLOR 20 40 85 WIDTH 0.4 END END
  CLASS NAME "18,451 people or more" EXPRESSION ([population_total] >= 18451) STYLE COLOR 4 31 74 OUTLINECOLOR 15 30 60 WIDTH 0.4 END END
END

LAYER
  NAME "tigray_drought_cropland_dev"
  TYPE POLYGON
  STATUS OFF
  CONNECTIONTYPE POSTGIS
  CONNECTION "host=tsird-postgis port=5432 dbname=tsird user=tsird password=change_me_strong"
  DATA "geometry FROM (SELECT t.gid,t.geometry,t.\"TABIA\",t.\"WEREDA\",c.cropland_pct,c.cropland_area_ha,c.coverage_pct,c.quality_status FROM tigray_tabias_ws t JOIN tsird.drought_tabia_cropland c USING (tsird_tabia_id) WHERE c.run_id=(SELECT run_id FROM tsird.drought_cropland_run WHERE status='development' ORDER BY created_at DESC LIMIT 1) AND c.quality_status='ok') AS cropland USING UNIQUE gid USING SRID=4326"
  CLASSITEM "cropland_pct"
  METADATA
    "wms_title" "ESA WorldCover Cropland Share (2021, Tabia, development)"
    "wms_srs" "EPSG:3857" "wms_enable_request" "*" "wms_queryable" "true"
    "gml_include_items" "TABIA,WEREDA,cropland_pct,cropland_area_ha,coverage_pct,quality_status"
  END
  TEMPLATE "dummy.html"
  CLASS NAME "Below 7.9% cropland" EXPRESSION ([cropland_pct] < 7.9) STYLE COLOR 255 255 229 OUTLINECOLOR 215 205 140 WIDTH 0.4 END END
  CLASS NAME "7.9–15.5% cropland" EXPRESSION (([cropland_pct] >= 7.9) AND ([cropland_pct] < 15.5)) STYLE COLOR 255 247 188 OUTLINECOLOR 210 190 110 WIDTH 0.4 END END
  CLASS NAME "15.5–21.9% cropland" EXPRESSION (([cropland_pct] >= 15.5) AND ([cropland_pct] < 21.9)) STYLE COLOR 254 227 145 OUTLINECOLOR 205 170 75 WIDTH 0.4 END END
  CLASS NAME "21.9–27.5% cropland" EXPRESSION (([cropland_pct] >= 21.9) AND ([cropland_pct] < 27.5)) STYLE COLOR 254 196 79 OUTLINECOLOR 190 140 50 WIDTH 0.4 END END
  CLASS NAME "27.5–32.8% cropland" EXPRESSION (([cropland_pct] >= 27.5) AND ([cropland_pct] < 32.8)) STYLE COLOR 254 153 41 OUTLINECOLOR 180 105 45 WIDTH 0.4 END END
  CLASS NAME "32.8–38.6% cropland" EXPRESSION (([cropland_pct] >= 32.8) AND ([cropland_pct] < 38.6)) STYLE COLOR 236 112 20 OUTLINECOLOR 165 80 35 WIDTH 0.4 END END
  CLASS NAME "38.6–45.1% cropland" EXPRESSION (([cropland_pct] >= 38.6) AND ([cropland_pct] < 45.1)) STYLE COLOR 204 76 2 OUTLINECOLOR 135 60 20 WIDTH 0.4 END END
  CLASS NAME "45.1–52.8% cropland" EXPRESSION (([cropland_pct] >= 45.1) AND ([cropland_pct] < 52.8)) STYLE COLOR 153 52 4 OUTLINECOLOR 110 45 20 WIDTH 0.4 END END
  CLASS NAME "52.8–63.5% cropland" EXPRESSION (([cropland_pct] >= 52.8) AND ([cropland_pct] < 63.5)) STYLE COLOR 102 37 6 OUTLINECOLOR 80 35 20 WIDTH 0.4 END END
  CLASS NAME "63.5% cropland or more" EXPRESSION ([cropland_pct] >= 63.5) STYLE COLOR 69 25 8 OUTLINECOLOR 55 25 18 WIDTH 0.4 END END
END

# DISABLED 2026-02-19: Redundant zones layer - inferior to ethiopia_zones (bound03)
# This layer has only ZONENAME field; ethiopia_zones has ZONES, AREA, PERIMETER, and codes
# Entire LAYER block commented out to prevent it from appearing in WMS GetCapabilities
#LAYER
#  NAME "ethiopia_zones_new"
#  TYPE POLYGON
#  STATUS OFF
#  CONNECTIONTYPE OGR
#  CONNECTION "/data/gold/atlas_4326/Eth_Zones_New.shp"
#  DATA "Eth_Zones_New"
#  METADATA
#    "gml_include_items" "ZONENAME"
#  END
#  TEMPLATE "dummy.html"
#  CLASS
#    STYLE
#      OUTLINECOLOR 100 100 100
#      COLOR 220 220 220
#      WIDTH 1
#    END
#  END
#END

LAYER
  NAME "ethiopia_woredas"
  STATUS ON
  TYPE POLYGON
  CONNECTIONTYPE OGR
  CONNECTION "/data/gold/atlas_4326/ethiopia/EthioWoredasNew.shp"
  DATA "EthioWoredasNew"
  LABELITEM "W_NAME"
  LABELMAXSCALEDENOM 2000000
  LABELMINSCALEDENOM 100000
  METADATA
    "wms_title" "Ethiopia - Woredas"
    "wms_srs" "EPSG:3857 EPSG:4326"
    "wms_enable_request" "*"
    "wms_queryable" "true"
    "wms_feature_info_mime_type" "text/plain"
    "gml_include_items" "W_NAME,REGION_R2I,Area_km2,Pop_04,Pop_Den,Admin_Unit"
    "wms_include_items" "W_NAME,REGION_R2I,Area_km2,Pop_04,Pop_Den,Admin_Unit"
  END
  TEMPLATE "dummy.html"
  CLASS
    NAME "Woredas"
    STYLE
      COLOR 240 240 230
      OUTLINECOLOR 80 80 80
      WIDTH 0.5
      OPACITY 40
    END
    LABEL
      COLOR 50 50 50
      OUTLINECOLOR 255 255 255
      OUTLINEWIDTH 1
      FONT "arial"
      TYPE TRUETYPE
      SIZE 8
      POSITION AUTO
      PARTIALS FALSE
    END
  END
END

LAYER
  NAME "ethiopia_roads_raw"
  STATUS OFF
  TYPE LINE
  CONNECTIONTYPE OGR
  CONNECTION "/data/gold/atlas_4326/Ethio_roads.shp"
  DATA "Ethio_roads"
  CLASSITEM "RDLNTYPETX"
  METADATA
    "wms_title" "Ethiopia - Roads"
    "wms_srs" "EPSG:3857 EPSG:4326"
    "wms_enable_request" "*"
    "wms_queryable" "true"
    "wms_feature_info_mime_type" "text/plain"
    "gml_include_items" "RDLNTYPETX,RDLNSTATTX,RDLNTYPE,RDLNSTAT,LENGTH"
    "wms_include_items" "RDLNTYPETX,RDLNSTATTX,RDLNTYPE,RDLNSTAT,LENGTH"
  END
  TEMPLATE "dummy.html"
  # Classified by RDLNTYPETX — actual values: "Primary and secondary roads", "Connector"
  CLASS
    NAME "Primary and secondary roads"
    EXPRESSION "Primary and secondary roads"
    STYLE
      COLOR 166 64 49
      WIDTH 2
    END
  END
  CLASS
    NAME "Connector"
    EXPRESSION "Connector"
    STYLE
      COLOR 150 150 150
      WIDTH 1
      PATTERN 4 3 END
    END
  END
  CLASS
    NAME "Other Roads"
    STYLE
      COLOR 180 180 180
      WIDTH 1
    END
  END
END

LAYER
  NAME "tigray_tabias_ti_en_pg"
  TYPE POLYGON
  STATUS ON
  
  CONNECTIONTYPE POSTGIS
  CONNECTION "host=tsird-postgis port=5432 dbname=tsird user=tsird password=change_me_strong"
  DATA "geometry FROM tigray_tabias_ws USING UNIQUE gid USING SRID=4326"

  METADATA
    "wms_title" "Tigray - Tabias (TI + EN)"
    "wms_srs" "EPSG:3857"
    "wms_enable_request" "*"
    "wms_queryable" "true"
    "wms_feature_info_mime_type" "text/plain"
    "gml_include_items" "tsird_tabia_id,TABIA,tabia_tig,WEREDA,ZONES,SQ_KM,HECTARES,DENSITY"
    "wms_include_items" "tsird_tabia_id,TABIA,tabia_tig,WEREDA,ZONES,SQ_KM,HECTARES,DENSITY"
  END
  TEMPLATE "dummy.html"
  
  CLASS
    NAME "tabias"

    STYLE
      OUTLINECOLOR 120 120 120
      WIDTH 0.5
    END

    LABEL
      TYPE TRUETYPE
      FONT "noto-ethiopic"
      SIZE 10
      COLOR 30 30 30
      OUTLINECOLOR 255 255 255
      OUTLINEWIDTH 2
      POSITION CC
      PARTIALS FALSE
      OFFSET 0 -7

      MAXSCALEDENOM 500000
      MINSCALEDENOM 10000

      FORCE TRUE
      TEXT "[tabia_tig]"
    END

    LABEL
      TYPE TRUETYPE
      FONT "arial"
      SIZE 9
      COLOR 30 30 30
      OUTLINECOLOR 255 255 255
      OUTLINEWIDTH 2
      POSITION CC
      PARTIALS FALSE
      OFFSET 0 7

      MAXSCALEDENOM 500000
      MINSCALEDENOM 10000

      FORCE TRUE
      TEXT "[TABIA]"
    END
  END
END

LAYER
  NAME "tigray_tabias"
  STATUS OFF
  TYPE POLYGON
  CONNECTIONTYPE OGR
  CONNECTION "/data/gold/atlas_4326/TigraiTabiasNew.shp"
  DATA "TigraiTabiasNew"
  LABELITEM "TABIA"
  LABELMAXSCALEDENOM 500000
  LABELMINSCALEDENOM 10000
  METADATA
    "wms_title" "Tigray - Tabias (Admin)"
    "wms_srs" "EPSG:3857 EPSG:4326"
    "wms_enable_request" "*"
    "wms_queryable" "true"
    "wms_feature_info_mime_type" "text/plain"
    "gml_include_items" "TABIA,WEREDA,ZONES,SQ_KM,HECTARES,DENSITY"
    "wms_include_items" "TABIA,WEREDA,ZONES,SQ_KM,HECTARES,DENSITY"
  END
  TEMPLATE "dummy.html"
  # Graduated by area (HECTARES)
  CLASS
    NAME "Small (<500 ha)"
    EXPRESSION ([HECTARES] < 500)
    STYLE
      COLOR 250 250 240
      OUTLINECOLOR 120 120 120
      OPACITY 60
    END
    LABEL
      COLOR 50 50 50
      OUTLINECOLOR 255 255 255
      OUTLINEWIDTH 1
      FONT "arial"
      TYPE TRUETYPE
      SIZE 8
      POSITION AUTO
      PARTIALS FALSE
    END
  END
  CLASS
    NAME "Medium (500-1000 ha)"
    EXPRESSION ([HECTARES] >= 500 AND [HECTARES] < 1000)
    STYLE
      COLOR 230 230 220
      OUTLINECOLOR 100 100 100
      OPACITY 70
    END
    LABEL
      COLOR 50 50 50
      OUTLINECOLOR 255 255 255
      OUTLINEWIDTH 1
      FONT "arial"
      TYPE TRUETYPE
      SIZE 8
      POSITION AUTO
      PARTIALS FALSE
    END
  END
  CLASS
    NAME "Large (>1000 ha)"
    EXPRESSION ([HECTARES] >= 1000)
    STYLE
      COLOR 210 210 200
      OUTLINECOLOR 80 80 80
      OPACITY 80
    END
    LABEL
      COLOR 50 50 50
      OUTLINECOLOR 255 255 255
      OUTLINEWIDTH 1
      FONT "arial"
      TYPE TRUETYPE
      SIZE 8
      POSITION AUTO
      PARTIALS FALSE
    END
  END
END

LAYER
  NAME "tigray_contour"
  STATUS OFF
  TYPE LINE
  CONNECTIONTYPE OGR
  CONNECTION "/data/gold/atlas_4326/TigrayContour.shp"
  DATA "TigrayContour"
  METADATA
    "wms_title" "Tigray - Contour Lines"
    "wms_srs" "EPSG:3857 EPSG:4326"
    "wms_enable_request" "*"
    "wms_queryable" "true"
    "wms_feature_info_mime_type" "text/plain"
    "gml_include_items" "ELEVATION,LENGTH"
    "wms_include_items" "ELEVATION,LENGTH"
  END
  TEMPLATE "dummy.html"
  CLASS
    NAME "Contour Lines"
    STYLE
      COLOR 129 7 204
      WIDTH 0.5
    END
  END
END

# LAYER
#   NAME "tigray_health_2006"
#   TYPE POINT
#   STATUS ON
#   # Note: Some features may have invalid coordinates; filter in client if needed
#   CONNECTIONTYPE OGR
#   CONNECTION "/data/gold/atlas_4326/TigrayHealth2006.shp"
#   DATA "TigrayHealth2006"
#   METADATA
#     "wms_title" "Tigray - Health Facilities (2006)"
#     "wms_srs" "EPSG:3857 EPSG:4326"
#     "wms_enable_request" "*"
#     "wms_queryable" "true"
#     "wms_feature_info_mime_type" "text/plain"
#     "gml_include_items" "Woreda_Nam,Woreda_ID,Type_of_in,Institutio,X_Coordina,Y_Coordina"
#     "wms_include_items" "Woreda_Nam,Woreda_ID,Type_of_in,Institutio,X_Coordina,Y_Coordina"
#   END
#   TEMPLATE "dummy.html"
#   CLASS
#     STYLE
#       SYMBOL "circle"
#       SIZE 8
#       COLOR 200 50 50
#     END
#   END
#   TYPE POLYGON
#   STATUS OFF
#   CONNECTIONTYPE OGR
#   CONNECTION "/data/gold/atlas_4326/TigrayNewWoredas.shp"
#   DATA "TigrayNewWoredas"
#   METADATA
#     "wms_title" "Tigray - Woredas (New)"
#     "wms_srs" "EPSG:3857 EPSG:4326"
#     "wms_enable_request" "*"
#     "wms_queryable" "true"
#     "wms_feature_info_mime_type" "text/plain"
#     "gml_include_items" "WEREDA,ZONE_NAME,Tot_Popula,SUM_SQ_KM,SUM_HECTAR,wor_name"
#     "wms_include_items" "WEREDA,ZONE_NAME,Tot_Popula,SUM_SQ_KM,SUM_HECTAR,wor_name"
#   END
#   TEMPLATE "dummy.html"
#   CLASS
#     STYLE
#       OUTLINECOLOR 100 100 100
#       COLOR 220 220 220
#       WIDTH 1
#     END
#   END
# END

LAYER
  NAME "tigray_roads_2006t"
  STATUS OFF
  TYPE LINE
  STATUS OFF
  CONNECTIONTYPE OGR
  CONNECTION "/data/gold/atlas_4326/TigrayRoads2006t.shp"
  DATA "TigrayRoads2006t"
  METADATA
    "wms_title" "Tigray - Roads (2006t)"
    "wms_srs" "EPSG:3857 EPSG:4326"
    "wms_enable_request" "*"
    "wms_queryable" "true"
    "wms_feature_info_mime_type" "text/plain"
    "gml_include_items" "NAME,OWNER,ZONE_,RDID,length_KM,LAYER"
    "wms_include_items" "NAME,OWNER,ZONE_,RDID,length_KM,LAYER"
  END
  TEMPLATE "dummy.html"
  CLASS
    NAME "Roads (Alt)"
    STYLE
      COLOR 150 150 150
      WIDTH 1
    END
  END
END

LAYER
  NAME "tigray_roads_2006"
  STATUS ON
  TYPE LINE
  CONNECTIONTYPE OGR
  CONNECTION "/data/gold/atlas_4326/TigrayRoadsIn2006.shp"
  DATA "TigrayRoadsIn2006"
  CLASSITEM "OWNER"
  METADATA
    "wms_title" "Tigray - Roads (2006)"
    "wms_srs" "EPSG:3857 EPSG:4326"
    "wms_enable_request" "*"
    "wms_queryable" "true"
    "wms_feature_info_mime_type" "text/plain"
    "gml_include_items" "NAME,TYPE,OWNER,ZONE_,LENGTH_KM,NEAR_DIST"
    "wms_include_items" "NAME,TYPE,OWNER,ZONE_,LENGTH_KM,NEAR_DIST"
  END
  TEMPLATE "dummy.html"
  # Classified by owner
  CLASS
    NAME "ERA Roads (Federal)"
    EXPRESSION "ERA"
    STYLE
      COLOR 255 0 0
      WIDTH 3
    END
    LABEL
      TYPE TRUETYPE
      FONT "arial"
      SIZE 9
      COLOR 0 0 0
      OUTLINECOLOR 255 255 255
      OUTLINEWIDTH 2
      POSITION AUTO
      PARTIALS FALSE
    END
  END
  CLASS
    NAME "TRRA Roads (Regional)"
    EXPRESSION "TRRA"
    STYLE
      COLOR 250 100 0
      WIDTH 2
    END
  END
  CLASS
    NAME "Community Roads"
    EXPRESSION "Community"
    STYLE
      COLOR 100 100 100
      WIDTH 1
    END
  END
  CLASS
    NAME "Other Roads"
    STYLE
      COLOR 150 150 150
      WIDTH 1
    END
  END
END

LAYER
  NAME "tigray_schools_2006"
  STATUS ON
  TYPE POINT
  CONNECTIONTYPE OGR
  CONNECTION "/data/gold/atlas_4326/TigraySchools2006.shp"
  DATA "TigraySchools2006"
  LABELITEM "Name"
  LABELMAXSCALEDENOM 200000
  CLASSITEM "Type"
  METADATA
    "wms_title" "Tigray - Schools (2006)"
    "wms_srs" "EPSG:3857 EPSG:4326"
    "wms_enable_request" "*"
    "wms_queryable" "true"
    "wms_feature_info_mime_type" "text/plain"
    "gml_include_items" "Name,Type,Zone_Name,Woreda_Nam,T_Name,X"
    "wms_include_items" "Name,Type,Zone_Name,Woreda_Nam,T_Name,X"
  END
  TEMPLATE "dummy.html"
  # Classified by school type
  CLASS
    NAME "Highschool"
    EXPRESSION "Highschool"
    STYLE
      SYMBOL "triangle"
      SIZE 7
      COLOR 255 0 0
      OUTLINECOLOR 100 0 0
    END
    LABEL
      COLOR 0 0 0
      OUTLINECOLOR 255 255 0
      OUTLINEWIDTH 1
      FONT "arial"
      TYPE TRUETYPE
      SIZE 8
      POSITION AUTO
      PARTIALS FALSE
      BUFFER 5
    END
  END
  CLASS
    NAME "Highschool+Preparatory"
    EXPRESSION "Highschool+Preparatory"
    STYLE
      SYMBOL "triangle"
      SIZE 8
      COLOR 230 76 0
      OUTLINECOLOR 100 30 0
    END
    LABEL
      COLOR 0 0 0
      OUTLINECOLOR 255 255 0
      OUTLINEWIDTH 1
      FONT "arial"
      TYPE TRUETYPE
      SIZE 8
      POSITION AUTO
      PARTIALS FALSE
      BUFFER 5
    END
  END
  CLASS
    NAME "Preparatory"
    EXPRESSION "Preparatory"
    STYLE
      SYMBOL "triangle"
      SIZE 6
      COLOR 76 230 0
      OUTLINECOLOR 30 100 0
    END
    LABEL
      COLOR 0 0 0
      OUTLINECOLOR 255 255 0
      OUTLINEWIDTH 1
      FONT "arial"
      TYPE TRUETYPE
      SIZE 8
      POSITION AUTO
      PARTIALS FALSE
      BUFFER 5
    END
  END
  CLASS
    NAME "Primary"
    EXPRESSION "Primary"
    STYLE
      SYMBOL "cross"
      SIZE 5
      COLOR 0 92 230
    END
  END
  CLASS
    NAME "Other Schools"
    STYLE
      SYMBOL "circle"
      SIZE 4
      COLOR 150 150 150
    END
  END
END

LAYER
  NAME "tigray_woredas_ti_en_pg"
  TYPE POLYGON
  STATUS ON
  
  CONNECTIONTYPE POSTGIS
  CONNECTION "host=tsird-postgis port=5432 dbname=tsird user=tsird password=change_me_strong"
  DATA "geometry FROM tigray_woredas_ws USING UNIQUE gid USING SRID=4326"

  METADATA
    "wms_title" "Tigray - Woredas (TI + EN)"
    "wms_srs" "EPSG:3857"
    "wms_enable_request" "*"
    "wms_queryable" "true"
    "wms_feature_info_mime_type" "text/plain"
    "gml_include_items" "WEREDA,woreda_tig,ZONE_NAME,Tot_Popula,SUM_SQ_KM,SUM_HECTAR,wor_name"
    "wms_include_items" "WEREDA,woreda_tig,ZONE_NAME,Tot_Popula,SUM_SQ_KM,SUM_HECTAR,wor_name"
  END
  TEMPLATE "dummy.html"
  CLASSITEM "ZONE_NAME"

  # Central Zone — soft blue
  CLASS
    NAME "Central"
    EXPRESSION "Central"
    STYLE
      COLOR 200 220 245
      OUTLINECOLOR 75 105 150
      WIDTH 1.5
      OPACITY 65
    END
    LABEL
      TYPE TRUETYPE
      FONT "noto-ethiopic"
      SIZE 12
      COLOR 20 20 20
      OUTLINECOLOR 255 255 255
      OUTLINEWIDTH 3
      POSITION CC
      PARTIALS FALSE
      OFFSET 0 -8
      MAXSCALEDENOM 2000000
      MINSCALEDENOM 100000
      FORCE TRUE
      TEXT "[woreda_tig]"
    END
    LABEL
      TYPE TRUETYPE
      FONT "arial"
      SIZE 10
      COLOR 20 20 20
      OUTLINECOLOR 255 255 255
      OUTLINEWIDTH 3
      POSITION CC
      PARTIALS FALSE
      OFFSET 0 8
      MAXSCALEDENOM 2000000
      MINSCALEDENOM 100000
      FORCE TRUE
      TEXT "[WEREDA]"
    END
  END

  # Eastern Zone — soft green-mint
  CLASS
    NAME "Eastern"
    EXPRESSION "Eastern"
    STYLE
      COLOR 195 235 210
      OUTLINECOLOR 60 120 85
      WIDTH 1.5
      OPACITY 65
    END
    LABEL
      TYPE TRUETYPE
      FONT "noto-ethiopic"
      SIZE 12
      COLOR 20 20 20
      OUTLINECOLOR 255 255 255
      OUTLINEWIDTH 3
      POSITION CC
      PARTIALS FALSE
      OFFSET 0 -8
      MAXSCALEDENOM 2000000
      MINSCALEDENOM 100000
      FORCE TRUE
      TEXT "[woreda_tig]"
    END
    LABEL
      TYPE TRUETYPE
      FONT "arial"
      SIZE 10
      COLOR 20 20 20
      OUTLINECOLOR 255 255 255
      OUTLINEWIDTH 3
      POSITION CC
      PARTIALS FALSE
      OFFSET 0 8
      MAXSCALEDENOM 2000000
      MINSCALEDENOM 100000
      FORCE TRUE
      TEXT "[WEREDA]"
    END
  END

  # Mekelle Zone — muted peach/orange
  CLASS
    NAME "Mekelle"
    EXPRESSION "Mekelle"
    STYLE
      COLOR 255 222 195
      OUTLINECOLOR 145 95 55
      WIDTH 1.5
      OPACITY 65
    END
    LABEL
      TYPE TRUETYPE
      FONT "noto-ethiopic"
      SIZE 12
      COLOR 20 20 20
      OUTLINECOLOR 255 255 255
      OUTLINEWIDTH 3
      POSITION CC
      PARTIALS FALSE
      OFFSET 0 -8
      MAXSCALEDENOM 2000000
      MINSCALEDENOM 100000
      FORCE TRUE
      TEXT "[woreda_tig]"
    END
    LABEL
      TYPE TRUETYPE
      FONT "arial"
      SIZE 10
      COLOR 20 20 20
      OUTLINECOLOR 255 255 255
      OUTLINEWIDTH 3
      POSITION CC
      PARTIALS FALSE
      OFFSET 0 8
      MAXSCALEDENOM 2000000
      MINSCALEDENOM 100000
      FORCE TRUE
      TEXT "[WEREDA]"
    END
  END

  # North Western Zone — muted lavender
  CLASS
    NAME "North Western"
    EXPRESSION "North Western"
    STYLE
      COLOR 215 200 240
      OUTLINECOLOR 100 78 148
      WIDTH 1.5
      OPACITY 65
    END
    LABEL
      TYPE TRUETYPE
      FONT "noto-ethiopic"
      SIZE 12
      COLOR 20 20 20
      OUTLINECOLOR 255 255 255
      OUTLINEWIDTH 3
      POSITION CC
      PARTIALS FALSE
      OFFSET 0 -8
      MAXSCALEDENOM 2000000
      MINSCALEDENOM 100000
      FORCE TRUE
      TEXT "[woreda_tig]"
    END
    LABEL
      TYPE TRUETYPE
      FONT "arial"
      SIZE 10
      COLOR 20 20 20
      OUTLINECOLOR 255 255 255
      OUTLINEWIDTH 3
      POSITION CC
      PARTIALS FALSE
      OFFSET 0 8
      MAXSCALEDENOM 2000000
      MINSCALEDENOM 100000
      FORCE TRUE
      TEXT "[WEREDA]"
    END
  END

  # South Eastern Zone — muted tan/sand
  CLASS
    NAME "South Eastern"
    EXPRESSION "South Eastern"
    STYLE
      COLOR 235 215 182
      OUTLINECOLOR 128 102 50
      WIDTH 1.5
      OPACITY 65
    END
    LABEL
      TYPE TRUETYPE
      FONT "noto-ethiopic"
      SIZE 12
      COLOR 20 20 20
      OUTLINECOLOR 255 255 255
      OUTLINEWIDTH 3
      POSITION CC
      PARTIALS FALSE
      OFFSET 0 -8
      MAXSCALEDENOM 2000000
      MINSCALEDENOM 100000
      FORCE TRUE
      TEXT "[woreda_tig]"
    END
    LABEL
      TYPE TRUETYPE
      FONT "arial"
      SIZE 10
      COLOR 20 20 20
      OUTLINECOLOR 255 255 255
      OUTLINEWIDTH 3
      POSITION CC
      PARTIALS FALSE
      OFFSET 0 8
      MAXSCALEDENOM 2000000
      MINSCALEDENOM 100000
      FORCE TRUE
      TEXT "[WEREDA]"
    END
  END

  # Southern Zone — muted rose
  CLASS
    NAME "Southern"
    EXPRESSION "Southern"
    STYLE
      COLOR 240 200 215
      OUTLINECOLOR 138 68 90
      WIDTH 1.5
      OPACITY 65
    END
    LABEL
      TYPE TRUETYPE
      FONT "noto-ethiopic"
      SIZE 12
      COLOR 20 20 20
      OUTLINECOLOR 255 255 255
      OUTLINEWIDTH 3
      POSITION CC
      PARTIALS FALSE
      OFFSET 0 -8
      MAXSCALEDENOM 2000000
      MINSCALEDENOM 100000
      FORCE TRUE
      TEXT "[woreda_tig]"
    END
    LABEL
      TYPE TRUETYPE
      FONT "arial"
      SIZE 10
      COLOR 20 20 20
      OUTLINECOLOR 255 255 255
      OUTLINEWIDTH 3
      POSITION CC
      PARTIALS FALSE
      OFFSET 0 8
      MAXSCALEDENOM 2000000
      MINSCALEDENOM 100000
      FORCE TRUE
      TEXT "[WEREDA]"
    END
  END

  # Western Zone — muted olive green
  CLASS
    NAME "Western"
    EXPRESSION "Western"
    STYLE
      COLOR 205 235 192
      OUTLINECOLOR 70 122 58
      WIDTH 1.5
      OPACITY 65
    END
    LABEL
      TYPE TRUETYPE
      FONT "noto-ethiopic"
      SIZE 12
      COLOR 20 20 20
      OUTLINECOLOR 255 255 255
      OUTLINEWIDTH 3
      POSITION CC
      PARTIALS FALSE
      OFFSET 0 -8
      MAXSCALEDENOM 2000000
      MINSCALEDENOM 100000
      FORCE TRUE
      TEXT "[woreda_tig]"
    END
    LABEL
      TYPE TRUETYPE
      FONT "arial"
      SIZE 10
      COLOR 20 20 20
      OUTLINECOLOR 255 255 255
      OUTLINEWIDTH 3
      POSITION CC
      PARTIALS FALSE
      OFFSET 0 8
      MAXSCALEDENOM 2000000
      MINSCALEDENOM 100000
      FORCE TRUE
      TEXT "[WEREDA]"
    END
  END

  # Fallback (unclassified zone)
  CLASS
    NAME "Other"
    STYLE
      COLOR 220 220 220
      OUTLINECOLOR 85 90 95
      WIDTH 1.5
      OPACITY 65
    END
    LABEL
      TYPE TRUETYPE
      FONT "noto-ethiopic"
      SIZE 12
      COLOR 20 20 20
      OUTLINECOLOR 255 255 255
      OUTLINEWIDTH 3
      POSITION CC
      PARTIALS FALSE
      OFFSET 0 -8
      MAXSCALEDENOM 2000000
      MINSCALEDENOM 100000
      FORCE TRUE
      TEXT "[woreda_tig]"
    END
    LABEL
      TYPE TRUETYPE
      FONT "arial"
      SIZE 10
      COLOR 20 20 20
      OUTLINECOLOR 255 255 255
      OUTLINEWIDTH 3
      POSITION CC
      PARTIALS FALSE
      OFFSET 0 8
      MAXSCALEDENOM 2000000
      MINSCALEDENOM 100000
      FORCE TRUE
      TEXT "[WEREDA]"
    END
  END
END

LAYER
  NAME "tigray_woreda"
  STATUS OFF
  TYPE POLYGON
  CONNECTIONTYPE OGR
  CONNECTION "/data/gold/atlas_4326/TigrayNewWoredas.shp"
  DATA "TigrayNewWoredas"
  LABELITEM "WEREDA"
  LABELMAXSCALEDENOM 2000000
  LABELMINSCALEDENOM 100000
  METADATA
    "wms_title" "Tigray - Woreda"
    "wms_srs" "EPSG:3857 EPSG:4326"
    "wms_enable_request" "*"
    "wms_queryable" "true"
    "wms_feature_info_mime_type" "text/plain"
    "gml_include_items" "WEREDA,ZONE_NAME,Tot_Popula,SUM_SQ_KM,SUM_HECTAR,wor_name"
    "wms_include_items" "WEREDA,ZONE_NAME,Tot_Popula,SUM_SQ_KM,SUM_HECTAR,wor_name"
  END
  TEMPLATE "dummy.html"
  CLASS
    NAME "Woredas"
    STYLE
      COLOR 230 230 220
      OUTLINECOLOR 60 60 60
      WIDTH 1
      OPACITY 50
    END
    LABEL
      COLOR 40 40 40
      OUTLINECOLOR 255 255 255
      OUTLINEWIDTH 2
      FONT "arial"
      TYPE TRUETYPE
      SIZE 10
      POSITION AUTO
      PARTIALS FALSE
    END
  END
END

LAYER
  NAME "tigray_towns"
  STATUS ON
  TYPE POINT
  CONNECTIONTYPE OGR
  CONNECTION "/data/gold/atlas_4326/Tigray_Towns.shp"
  DATA "Tigray_Towns"
  LABELITEM "TOWN_NAME"
  LABELMAXSCALEDENOM 2000000
  METADATA
    "wms_title" "Tigray - Towns (by Population)"
    "wms_srs" "EPSG:3857 EPSG:4326"
    "wms_enable_request" "*"
    "wms_queryable" "true"
    "wms_feature_info_mime_type" "text/plain"
    "gml_include_items" "TOWN_NAME,WEREDA,REGION,ZONES,POP,POPTOT"
    "wms_include_items" "TOWN_NAME,WEREDA,REGION,ZONES,POP,POPTOT"
  END
  TEMPLATE "dummy.html"
  # Graduated symbols by population - Red stars
  CLASS
    NAME "0 - 50,000"
    EXPRESSION ([POPTOT] <= 50000)
    STYLE
      SYMBOL "star"
      SIZE 6
      COLOR 200 30 30
      OUTLINECOLOR 100 20 20
    END
    LABEL
      COLOR 132 31 31
      OUTLINECOLOR 255 255 255
      OUTLINEWIDTH 2
      FONT "arial"
      TYPE TRUETYPE
      SIZE 9
      POSITION AUTO
      PARTIALS FALSE
      BUFFER 4
    END
  END
  CLASS
    NAME "50,000 - 80,000"
    EXPRESSION ([POPTOT] > 50000 AND [POPTOT] <= 80000)
    STYLE
      SYMBOL "star"
      SIZE 8
      COLOR 220 30 30
      OUTLINECOLOR 100 20 20
    END
    LABEL
      COLOR 132 31 31
      OUTLINECOLOR 255 255 255
      OUTLINEWIDTH 2
      FONT "arial"
      TYPE TRUETYPE
      SIZE 9
      POSITION AUTO
      PARTIALS FALSE
      BUFFER 4
    END
  END
  CLASS
    NAME "80,000 - 120,000"
    EXPRESSION ([POPTOT] > 80000 AND [POPTOT] <= 120000)
    STYLE
      SYMBOL "star"
      SIZE 10
      COLOR 230 20 20
      OUTLINECOLOR 80 10 10
    END
    LABEL
      COLOR 132 31 31
      OUTLINECOLOR 255 255 255
      OUTLINEWIDTH 2
      FONT "arial"
      TYPE TRUETYPE
      SIZE 10
      POSITION AUTO
      PARTIALS FALSE
      BUFFER 4
    END
  END
  CLASS
    NAME "120,000 - 200,000"
    EXPRESSION ([POPTOT] > 120000 AND [POPTOT] <= 200000)
    STYLE
      SYMBOL "star"
      SIZE 12
      COLOR 240 15 15
      OUTLINECOLOR 80 10 10
    END
    LABEL
      COLOR 132 31 31
      OUTLINECOLOR 255 255 255
      OUTLINEWIDTH 2
      FONT "arial"
      TYPE TRUETYPE
      SIZE 10
      POSITION AUTO
      PARTIALS FALSE
      BUFFER 4
    END
  END
  CLASS
    NAME "> 200,000"
    EXPRESSION ([POPTOT] > 200000)
    STYLE
      SYMBOL "star"
      SIZE 14
      COLOR 255 0 0
      OUTLINECOLOR 80 10 10
    END
    LABEL
      COLOR 132 31 31
      OUTLINECOLOR 255 255 255
      OUTLINEWIDTH 2
      FONT "arial-bold"
      TYPE TRUETYPE
      SIZE 11
      POSITION AUTO
      PARTIALS FALSE
      BUFFER 4
    END
  END
END

LAYER
  NAME "ethiopia_admin"
  STATUS OFF
  TYPE POLYGON
  STATUS OFF
  CONNECTIONTYPE OGR
  CONNECTION "/data/gold/atlas_4326/admin.shp"
  DATA "admin"
  METADATA
    "wms_title" "Ethiopia - Admin Boundaries"
    "wms_srs" "EPSG:3857 EPSG:4326"
    "wms_enable_request" "*"
    "wms_queryable" "true"
    "wms_feature_info_mime_type" "text/plain"
    "gml_include_items" "NAME1,NAME2,NAME3,COUNTRY,CODE,SQKM"
    "wms_include_items" "NAME1,NAME2,NAME3,COUNTRY,CODE,SQKM"
  END
  TEMPLATE "dummy.html"
  CLASS
    NAME "Admin Boundaries"
    STYLE
      OUTLINECOLOR 100 100 100
      COLOR 220 220 220
      WIDTH 1
    END
  END
END

LAYER
  NAME "ethiopia_basins"
  STATUS OFF
  TYPE POLYGON
  CONNECTIONTYPE OGR
  CONNECTION "/data/gold/atlas_4326/basins.shp"
  DATA "basins"
  CLASSITEM "BASIN_NAME"
  METADATA
    "wms_title" "Ethiopia - Major Basins"
    "wms_srs" "EPSG:3857 EPSG:4326"
    "wms_enable_request" "*"
    "wms_queryable" "true"
    "wms_feature_info_mime_type" "text/plain"
    "gml_include_items" "BASIN_NAME,BASIN_NR,BASIN,SQKM,BASIN_COD"
    "wms_include_items" "BASIN_NAME,BASIN_NR,BASIN,SQKM,BASIN_COD"
  END
  TEMPLATE "dummy.html"
  # Unique values by basin name
  CLASS
    NAME "Abay (Blue Nile)"
    EXPRESSION "Abay"
    STYLE
      COLOR 192 101 73
      OUTLINECOLOR 0 0 0
      OPACITY 60
    END
  END
  CLASS
    NAME "Angereb"
    EXPRESSION "Angereb"
    STYLE
      COLOR 255 215 0
      OUTLINECOLOR 0 0 0
      OPACITY 60
    END
  END
  CLASS
    NAME "Atbara"
    EXPRESSION "Atbara"
    STYLE
      COLOR 189 183 107
      OUTLINECOLOR 0 0 0
      OPACITY 60
    END
  END
  CLASS
    NAME "Awash"
    EXPRESSION "Awash"
    STYLE
      COLOR 247 181 103
      OUTLINECOLOR 0 0 0
      OPACITY 60
    END
  END
  CLASS
    NAME "Baro"
    EXPRESSION "Baro"
    STYLE
      COLOR 206 195 149
      OUTLINECOLOR 0 0 0
      OPACITY 60
    END
  END
  CLASS
    NAME "Bilate"
    EXPRESSION "Bilate"
    STYLE
      COLOR 205 155 29
      OUTLINECOLOR 0 0 0
      OPACITY 60
    END
  END
  CLASS
    NAME "Danakil"
    EXPRESSION "Danakil"
    STYLE
      COLOR 240 230 140
      OUTLINECOLOR 0 0 0
      OPACITY 60
    END
  END
  CLASS
    NAME "Genalle"
    EXPRESSION "Genalle"
    STYLE
      COLOR 167 175 94
      OUTLINECOLOR 0 0 0
      OPACITY 60
    END
  END
  CLASS
    NAME "Golina"
    EXPRESSION "Golina"
    STYLE
      COLOR 192 144 88
      OUTLINECOLOR 0 0 0
      OPACITY 60
    END
  END
  CLASS
    NAME "Mereb"
    EXPRESSION "Mereb"
    STYLE
      COLOR 139 69 19
      OUTLINECOLOR 0 0 0
      OPACITY 60
    END
  END
  CLASS
    NAME "Omo"
    EXPRESSION "Omo"
    STYLE
      COLOR 172 150 0
      OUTLINECOLOR 0 0 0
      OPACITY 60
    END
  END
  CLASS
    NAME "Red Sea Coast"
    EXPRESSION "Red Sea Coast"
    STYLE
      COLOR 105 139 105
      OUTLINECOLOR 0 0 0
      OPACITY 60
    END
  END
  CLASS
    NAME "Segen"
    EXPRESSION "Segen"
    STYLE
      COLOR 139 105 20
      OUTLINECOLOR 0 0 0
      OPACITY 60
    END
  END
  CLASS
    NAME "Shebelle"
    EXPRESSION "Shebelle"
    STYLE
      COLOR 139 139 0
      OUTLINECOLOR 0 0 0
      OPACITY 60
    END
  END
  CLASS
    NAME "Tekeze"
    EXPRESSION "Tekeze"
    STYLE
      COLOR 255 251 195
      OUTLINECOLOR 0 0 0
      OPACITY 60
    END
  END
  CLASS
    NAME "Ziway/Abijata"
    EXPRESSION "Ziway/Abijata"
    STYLE
      COLOR 189 176 86
      OUTLINECOLOR 0 0 0
      OPACITY 60
    END
  END
  CLASS
    NAME "Other Basins"
    STYLE
      COLOR 200 200 200
      OUTLINECOLOR 0 0 0
      OPACITY 60
    END
  END
END

LAYER
  NAME "ethiopia_boundary_level1"
  STATUS OFF
  TYPE POLYGON
  STATUS OFF
  CONNECTIONTYPE OGR
  CONNECTION "/data/gold/atlas_4326/bound01.shp"
  DATA "bound01"
  METADATA
    "wms_title" "Ethiopia - Boundary Level 1"
    "wms_srs" "EPSG:3857 EPSG:4326"
    "wms_enable_request" "*"
    "wms_queryable" "true"
    "wms_feature_info_mime_type" "text/plain"
    "gml_include_items" "AREA,PERIMETER"
    "wms_include_items" "AREA,PERIMETER"
  END
  TEMPLATE "dummy.html"
  CLASS
    NAME "Country Boundary"
    STYLE
      OUTLINECOLOR 20 20 20
      WIDTH 3
    END
  END
END

LAYER
  NAME "ethiopia_boundary_level2"
  STATUS OFF
  TYPE POLYGON
  STATUS OFF
  CONNECTIONTYPE OGR
  CONNECTION "/data/gold/atlas_4326/bound02.shp"
  DATA "bound02"
  CLASSITEM "REGION"
  LABELITEM "REGION"
  METADATA
    "wms_title" "Ethiopia - Boundary Level 2"
    "wms_srs" "EPSG:3857 EPSG:4326"
    "wms_enable_request" "*"
    "wms_queryable" "true"
    "wms_feature_info_mime_type" "text/plain"
    "gml_include_items" "REGION,AREA,PERIMETER"
    "wms_include_items" "REGION,AREA,PERIMETER"
  END
  TEMPLATE "dummy.html"

  CLASS
    NAME "Tigray"
    EXPRESSION "TIGRAY"
    STYLE
      COLOR 200 180 210
      OUTLINECOLOR 90 55 80
      WIDTH 2
      OPACITY 45
    END
    LABEL
      TYPE TRUETYPE
      FONT "arial"
      SIZE 10
      COLOR 35 35 35
      OUTLINECOLOR 255 255 255
      OUTLINEWIDTH 2
      POSITION CC
      PARTIALS FALSE
      MAXSCALEDENOM 12000000
      MINSCALEDENOM 200000
      FORCE FALSE
    END
  END

  CLASS
    NAME "Amhara"
    EXPRESSION "AMHARA"
    STYLE
      COLOR 180 210 240
      OUTLINECOLOR 50 80 130
      WIDTH 2
      OPACITY 45
    END
    LABEL
      TYPE TRUETYPE
      FONT "arial"
      SIZE 10
      COLOR 35 35 35
      OUTLINECOLOR 255 255 255
      OUTLINEWIDTH 2
      POSITION CC
      PARTIALS FALSE
      MAXSCALEDENOM 12000000
      MINSCALEDENOM 200000
      FORCE FALSE
    END
  END

  CLASS
    NAME "Benishangul-Gumuz"
    EXPRESSION "BENISHANGUL-GUM"
    STYLE
      COLOR 190 220 190
      OUTLINECOLOR 55 115 60
      WIDTH 2
      OPACITY 45
    END
    LABEL
      TYPE TRUETYPE
      FONT "arial"
      SIZE 10
      COLOR 35 35 35
      OUTLINECOLOR 255 255 255
      OUTLINEWIDTH 2
      POSITION CC
      PARTIALS FALSE
      MAXSCALEDENOM 12000000
      MINSCALEDENOM 200000
      FORCE FALSE
    END
  END

  CLASS
    NAME "Oromia"
    EXPRESSION "OROMIA"
    STYLE
      COLOR 235 215 175
      OUTLINECOLOR 120 98 40
      WIDTH 2
      OPACITY 45
    END
    LABEL
      TYPE TRUETYPE
      FONT "arial"
      SIZE 10
      COLOR 35 35 35
      OUTLINECOLOR 255 255 255
      OUTLINEWIDTH 2
      POSITION CC
      PARTIALS FALSE
      MAXSCALEDENOM 12000000
      MINSCALEDENOM 200000
      FORCE FALSE
    END
  END

  CLASS
    NAME "Dire Dawa"
    EXPRESSION "DIRE DAWA"
    STYLE
      COLOR 245 225 200
      OUTLINECOLOR 140 108 72
      WIDTH 2
      OPACITY 45
    END
    LABEL
      TYPE TRUETYPE
      FONT "arial"
      SIZE 9
      COLOR 35 35 35
      OUTLINECOLOR 255 255 255
      OUTLINEWIDTH 2
      POSITION CC
      PARTIALS FALSE
      MAXSCALEDENOM 5000000
      MINSCALEDENOM 100000
      FORCE FALSE
    END
  END

  CLASS
    NAME "Harari"
    EXPRESSION "HARARI"
    STYLE
      COLOR 220 195 230
      OUTLINECOLOR 108 75 130
      WIDTH 2
      OPACITY 45
    END
    LABEL
      TYPE TRUETYPE
      FONT "arial"
      SIZE 9
      COLOR 35 35 35
      OUTLINECOLOR 255 255 255
      OUTLINEWIDTH 2
      POSITION CC
      PARTIALS FALSE
      MAXSCALEDENOM 5000000
      MINSCALEDENOM 100000
      FORCE FALSE
    END
  END

  CLASS
    NAME "Southern Region"
    EXPRESSION "SOUTHERN REGION"
    STYLE
      COLOR 190 230 215
      OUTLINECOLOR 50 118 100
      WIDTH 2
      OPACITY 45
    END
    LABEL
      TYPE TRUETYPE
      FONT "arial"
      SIZE 10
      COLOR 35 35 35
      OUTLINECOLOR 255 255 255
      OUTLINEWIDTH 2
      POSITION CC
      PARTIALS FALSE
      MAXSCALEDENOM 12000000
      MINSCALEDENOM 200000
      FORCE FALSE
    END
  END

  CLASS
    NAME "Gambella"
    EXPRESSION "GAMBELLA"
    STYLE
      COLOR 210 235 190
      OUTLINECOLOR 85 122 55
      WIDTH 2
      OPACITY 45
    END
    LABEL
      TYPE TRUETYPE
      FONT "arial"
      SIZE 10
      COLOR 35 35 35
      OUTLINECOLOR 255 255 255
      OUTLINEWIDTH 2
      POSITION CC
      PARTIALS FALSE
      MAXSCALEDENOM 12000000
      MINSCALEDENOM 200000
      FORCE FALSE
    END
  END

  CLASS
    NAME "Afar"
    EXPRESSION "AFAR"
    STYLE
      COLOR 245 220 185
      OUTLINECOLOR 135 102 48
      WIDTH 2
      OPACITY 45
    END
    LABEL
      TYPE TRUETYPE
      FONT "arial"
      SIZE 10
      COLOR 35 35 35
      OUTLINECOLOR 255 255 255
      OUTLINEWIDTH 2
      POSITION CC
      PARTIALS FALSE
      MAXSCALEDENOM 12000000
      MINSCALEDENOM 200000
      FORCE FALSE
    END
  END

  CLASS
    NAME "Somali Region"
    EXPRESSION "SOMALI REGION"
    STYLE
      COLOR 235 215 200
      OUTLINECOLOR 120 98 78
      WIDTH 2
      OPACITY 45
    END
    LABEL
      TYPE TRUETYPE
      FONT "arial"
      SIZE 10
      COLOR 35 35 35
      OUTLINECOLOR 255 255 255
      OUTLINEWIDTH 2
      POSITION CC
      PARTIALS FALSE
      MAXSCALEDENOM 12000000
      MINSCALEDENOM 200000
      FORCE FALSE
    END
  END

  CLASS
    NAME "Addis Abeba"
    EXPRESSION "ADDIS ABEBA"
    STYLE
      COLOR 245 205 205
      OUTLINECOLOR 140 72 72
      WIDTH 2
      OPACITY 45
    END
    LABEL
      TYPE TRUETYPE
      FONT "arial"
      SIZE 9
      COLOR 35 35 35
      OUTLINECOLOR 255 255 255
      OUTLINEWIDTH 2
      POSITION CC
      PARTIALS FALSE
      MAXSCALEDENOM 5000000
      MINSCALEDENOM 100000
      FORCE FALSE
    END
  END

  CLASS
    NAME "Other Region"
    STYLE
      COLOR 220 220 220
      OUTLINECOLOR 80 80 80
      WIDTH 2
      OPACITY 45
    END
    LABEL
      TYPE TRUETYPE
      FONT "arial"
      SIZE 10
      COLOR 35 35 35
      OUTLINECOLOR 255 255 255
      OUTLINEWIDTH 2
      POSITION CC
      PARTIALS FALSE
      MAXSCALEDENOM 12000000
      MINSCALEDENOM 200000
      FORCE FALSE
    END
  END
END

LAYER
  NAME "ethiopia_boundary_level3"
  STATUS OFF
  TYPE POLYGON
  STATUS OFF
  CONNECTIONTYPE OGR
  CONNECTION "/data/gold/atlas_4326/bound03.shp"
  DATA "bound03"
  METADATA
    "wms_title" "Ethiopia - Boundary Level 3"
    "wms_srs" "EPSG:3857 EPSG:4326"
    "wms_enable_request" "*"
    "wms_queryable" "true"
    "wms_feature_info_mime_type" "text/plain"
    "gml_include_items" "ZONES,AREA,PERIMETER"
    "wms_include_items" "ZONES,AREA,PERIMETER"
  END
  TEMPLATE "dummy.html"
  CLASS
    NAME "Level 3 Boundary"
    STYLE
      OUTLINECOLOR 100 100 100
      COLOR 220 220 220
      WIDTH 1
    END
  END
END

LAYER
  NAME "ethiopia_contour"
  STATUS OFF
  TYPE LINE
  STATUS OFF
  CONNECTIONTYPE OGR
  CONNECTION "/data/gold/atlas_4326/contour.shp"
  DATA "contour"
  METADATA
    "wms_title" "Ethiopia - Contour Lines"
    "wms_srs" "EPSG:3857 EPSG:4326"
    "wms_enable_request" "*"
    "wms_queryable" "true"
    "wms_feature_info_mime_type" "text/plain"
    "gml_include_items" "ELEVATION,LENGTH"
    "wms_include_items" "ELEVATION,LENGTH"
  END
  TEMPLATE "dummy.html"
  CLASS
    NAME "Contour Lines"
    STYLE
      COLOR 150 150 150
      WIDTH 1
    END
  END
END

# LAYER
#   NAME "ethiopia_wereda"
#   TYPE POLYGON
#   STATUS ON
#   CONNECTIONTYPE OGR
#   CONNECTION "/data/gold/atlas_4326/ethio_wereda.shp"
#   DATA "ethio_wereda"
#   METADATA
#     "wms_title" "Ethiopia - Wereda"
#     "wms_srs" "EPSG:3857 EPSG:4326"
#     "wms_enable_request" "*"
#     "wms_queryable" "true"
#     "wms_feature_info_mime_type" "text/plain"
#     "gml_include_items" "all"
#     "wms_include_items" "all"
#   END
#   TEMPLATE "dummy.html"
#   CLASS
#     STYLE
#       OUTLINECOLOR 100 100 100
#       COLOR 220 220 220
#       WIDTH 1
#     END
#   END
# END

# QUARANTINED: 2026-02-19 - Normalization failed for ethio_wereda_Project.shp (input file corruption)
#LAYER
#  NAME "ethiopia_wereda_projected"
#  TYPE POLYGON
#  STATUS OFF
#  CONNECTIONTYPE OGR
#  CONNECTION "/data/gold/atlas_4326/ethio_wereda_Project.shp"
#  DATA "ethio_wereda_Project"
#  METADATA
#    "wms_title" "Ethiopia - Wereda (Projected)"
#    "wms_srs" "EPSG:3857 EPSG:4326"
#    "wms_enable_request" "*"
#    "wms_queryable" "true"
#    "wms_feature_info_mime_type" "text/plain"
#    "gml_include_items" "all"
#    "wms_include_items" "all"
#  END
#  CLASS
#    STYLE
#      OUTLINECOLOR 100 100 100
#      COLOR 220 220 220
#      WIDTH 1
#    END
#  END
#END

LAYER
  NAME "ethiopia_isoheight"
  STATUS OFF
  TYPE LINE
  STATUS OFF
  CONNECTIONTYPE OGR
  CONNECTION "/data/gold/atlas_4326/isoght.shp"
  DATA "isoght"
  METADATA
    "wms_title" "Ethiopia - Isoheight Lines"
    "wms_srs" "EPSG:3857 EPSG:4326"
    "wms_enable_request" "*"
    "wms_queryable" "true"
    "wms_feature_info_mime_type" "text/plain"
    "gml_include_items" "CONTOUR,LENGTH"
    "wms_include_items" "CONTOUR,LENGTH"
  END
  TEMPLATE "dummy.html"
  CLASS
    NAME "Isoheight Lines"
    STYLE
      COLOR 150 150 150
      WIDTH 1
    END
  END
END

LAYER
  NAME "ethiopia_lakes"
  STATUS OFF
  TYPE POLYGON
  CONNECTIONTYPE OGR
  CONNECTION "/data/gold/atlas_4326/lakes.shp"
  DATA "lakes"
  METADATA
    "wms_title" "Ethiopia - Lakes"
    "wms_srs" "EPSG:3857 EPSG:4326"
    "wms_enable_request" "*"
    "wms_queryable" "true"
    "wms_feature_info_mime_type" "text/plain"
    "gml_include_items" "CODE,WATER,ACRES,HECTARES"
    "wms_include_items" "CODE,WATER,ACRES,HECTARES"
  END
  TEMPLATE "dummy.html"
  CLASS
    NAME "Lakes"
    STYLE
      COLOR 102 153 255
      OUTLINECOLOR 0 0 100
    END
  END
END

LAYER
  NAME "ethiopia_major_basins"
  STATUS OFF
  TYPE POLYGON
  STATUS OFF
  CONNECTIONTYPE OGR
  CONNECTION "/data/gold/atlas_4326/mbasins.shp"
  DATA "mbasins"
  METADATA
    "wms_title" "Ethiopia - Major Basins"
    "wms_srs" "EPSG:3857 EPSG:4326"
    "wms_enable_request" "*"
    "wms_queryable" "true"
    "wms_feature_info_mime_type" "text/plain"
    "gml_include_items" "NAME,BASINNAME,TYPE,HY_BAS,HY_SBA,WATRANK"
    "wms_include_items" "NAME,BASINNAME,TYPE,HY_BAS,HY_SBA,WATRANK"
  END
  TEMPLATE "dummy.html"
  CLASS
    NAME "Major Basins"
    STYLE
      OUTLINECOLOR 100 100 100
      COLOR 220 220 220
      WIDTH 1
    END
  END
END

LAYER
  NAME "ethiopia_soils"
  STATUS OFF
  TYPE POLYGON
  CONNECTIONTYPE OGR
  CONNECTION "/data/gold/atlas_4326/msoils.shp"
  DATA "msoils"
  CLASSITEM "SOILTYPE"
  METADATA
    "wms_title" "Ethiopia - Soils"
    "wms_srs" "EPSG:3857 EPSG:4326"
    "wms_enable_request" "*"
    "wms_queryable" "true"
    "wms_feature_info_mime_type" "text/plain"
    "gml_include_items" "NAME,FAOSOIL,TAXON,SOILTYPE,PHASE1,PHASE2"
    "wms_include_items" "NAME,FAOSOIL,TAXON,SOILTYPE,PHASE1,PHASE2"
  END
  TEMPLATE "dummy.html"
  # Classified by soil type
  CLASS
    NAME "Calcids"
    EXPRESSION "Calcids"
    STYLE
      COLOR 112 0 255
      OUTLINECOLOR 0 0 0
      OPACITY 60
    END
  END
  CLASS
    NAME "Cambids"
    EXPRESSION "Cambids"
    STYLE
      COLOR 255 0 156
      OUTLINECOLOR 0 0 0
      OPACITY 60
    END
  END
  CLASS
    NAME "Fluvents"
    EXPRESSION "Fluvents"
    STYLE
      COLOR 183 255 0
      OUTLINECOLOR 0 0 0
      OPACITY 60
    END
  END
  CLASS
    NAME "Tropepts"
    EXPRESSION "Tropepts"
    STYLE
      COLOR 0 255 139
      OUTLINECOLOR 0 0 0
      OPACITY 60
    END
  END
  CLASS
    NAME "Ustalfs"
    EXPRESSION "Ustalfs"
    STYLE
      COLOR 102 255 0
      OUTLINECOLOR 0 0 0
      OPACITY 60
    END
  END
  CLASS
    NAME "Usterts"
    EXPRESSION "Usterts"
    STYLE
      COLOR 21 255 0
      OUTLINECOLOR 0 0 0
      OPACITY 60
    END
  END
  CLASS
    NAME "Water"
    EXPRESSION "Water"
    STYLE
      COLOR 100 150 255
      OUTLINECOLOR 0 0 0
      OPACITY 60
    END
  END
  CLASS
    NAME "Other Soils"
    STYLE
      COLOR 200 180 150
      OUTLINECOLOR 0 0 0
      OPACITY 60
    END
  END
END

LAYER
  NAME "ethiopia_ecology"
  STATUS OFF
  TYPE POLYGON
  CONNECTIONTYPE OGR
  CONNECTION "/data/gold/atlas_4326/necolog.shp"
  DATA "necolog"
  CLASSITEM "LCPYTYPETX"
  METADATA
    "wms_title" "Ethiopia - Ecological Zones"
    "wms_srs" "EPSG:3857 EPSG:4326"
    "wms_enable_request" "*"
    "wms_queryable" "true"
    "wms_feature_info_mime_type" "text/plain"
    "gml_include_items" "LCPYTYPETX,HECTARES"
    "wms_include_items" "LCPYTYPETX,HECTARES"
  END
  TEMPLATE "dummy.html"
  # Classified by ecological type
  CLASS
    NAME "Undifferentiated wetlands"
    EXPRESSION "Undifferentiated wetlands"
    STYLE
      COLOR 1 100 0
      OUTLINECOLOR 0 0 0
      OPACITY 60
    END
  END
  CLASS
    NAME "Unconsolidated materials"
    EXPRESSION "Unconsolidated materials"
    STYLE
      COLOR 2 220 0
      OUTLINECOLOR 0 0 0
      OPACITY 60
    END
  END
  CLASS
    NAME "Inundated areas"
    EXPRESSION "Inundated areas"
    STYLE
      COLOR 146 174 47
      OUTLINECOLOR 0 0 0
      OPACITY 60
    END
  END
  CLASS
    NAME "Distorted surface areas"
    EXPRESSION "Distorted surface areas"
    STYLE
      COLOR 0 219 255
      OUTLINECOLOR 0 0 0
      OPACITY 60
    END
  END
  CLASS
    NAME "Other Zones"
    STYLE
      COLOR 166 255 165
      OUTLINECOLOR 0 0 0
      OPACITY 60
    END
  END
END

# REMOVED: Duplicate layer - ethiopia_national_forests displays better coverage
# Original: ethiopia_national_forest (nforest.shp) - inferior to ethiopia_national_forests (nforests.shp)

LAYER
  NAME "ethiopia_national_forests"
  STATUS OFF
  TYPE POLYGON
  STATUS OFF
  CONNECTIONTYPE OGR
  CONNECTION "/data/gold/atlas_4326/nforests.shp"
  DATA "nforests"
  METADATA
    "wms_title" "Ethiopia - National Forests"
    "wms_srs" "EPSG:3857 EPSG:4326"
    "wms_enable_request" "*"
    "wms_queryable" "true"
    "wms_feature_info_mime_type" "text/plain"
    "gml_include_items" "VEGNTX,VEGN,HECTARES"
    "wms_include_items" "VEGNTX,VEGN,HECTARES"
  END
  TEMPLATE "dummy.html"
  CLASS
    NAME "National Forests"
    STYLE
      COLOR 207 97 5
      OUTLINECOLOR 0 0 0
      OPACITY 70
    END
  END
END

LAYER
  NAME "ethiopia_national_parks"
  STATUS OFF
  TYPE POLYGON
  CONNECTIONTYPE OGR
  CONNECTION "/data/gold/atlas_4326/nparks.shp"
  DATA "nparks"
  LABELITEM "AREANAME"
  LABELMAXSCALEDENOM 5000000
  METADATA
    "wms_title" "Ethiopia - National Parks"
    "wms_srs" "EPSG:3857 EPSG:4326"
    "wms_enable_request" "*"
    "wms_queryable" "true"
    "wms_feature_info_mime_type" "text/plain"
    "gml_include_items" "AREANAME,IUCNCAT,DESIGNATE,YEAR,SIZE,CNTRYNAME"
    "wms_include_items" "AREANAME,IUCNCAT,DESIGNATE,YEAR,SIZE,CNTRYNAME"
  END
  TEMPLATE "dummy.html"
  CLASS
    NAME "National Parks"
    STYLE
      COLOR 180 220 180
      OUTLINECOLOR 0 100 0
      OPACITY 70
    END
    LABEL
      COLOR 0 80 0
      OUTLINECOLOR 255 255 255
      OUTLINEWIDTH 2
      FONT "arial"
      TYPE TRUETYPE
      SIZE 9
      POSITION AUTO
      PARTIALS FALSE
    END
  END
END

LAYER
  NAME "ethiopia_rainfall_pattern"
  STATUS OFF
  TYPE POLYGON
  STATUS OFF
  CONNECTIONTYPE OGR
  CONNECTION "/data/gold/atlas_4326/rain_patrn.shp"
  DATA "rain_patrn"
  METADATA
    "wms_title" "Ethiopia - Rainfall Pattern"
    "wms_srs" "EPSG:3857 EPSG:4326"
    "wms_enable_request" "*"
    "wms_queryable" "true"
    "wms_feature_info_mime_type" "text/plain"
    "gml_include_items" "PATTER,PATTERN_G"
    "wms_include_items" "PATTER,PATTERN_G"
  END
  TEMPLATE "dummy.html"
  CLASS
    NAME "Rainfall Pattern"
    STYLE
      OUTLINECOLOR 100 100 100
      COLOR 220 220 220
      WIDTH 1
    END
  END
END

LAYER
  NAME "ethiopia_rainfall_stations"
  STATUS OFF
  TYPE POINT
  CONNECTIONTYPE OGR
  CONNECTION "/data/gold/atlas_4326/rain_stat.shp"
  DATA "rain_stat"
  METADATA
    "wms_title" "Ethiopia - Rainfall Stations"
    "wms_srs" "EPSG:3857 EPSG:4326"
    "wms_enable_request" "*"
    "wms_queryable" "true"
    "wms_feature_info_mime_type" "text/plain"
    "gml_include_items" "TOWN_NAME,STATION_CO,MAIN_TOWN,RAIN_SUM,N_YEARS,JAN"
    "wms_include_items" "TOWN_NAME,STATION_CO,MAIN_TOWN,RAIN_SUM,N_YEARS,JAN"
  END
  TEMPLATE "dummy.html"
  CLASS
    NAME "Rainfall Stations"
    STYLE
      SYMBOL "circle"
      SIZE 6
      COLOR 35 110 180
      OUTLINECOLOR 255 255 255
    END
  END
END

LAYER
  NAME "ethiopia_rivers"
  STATUS OFF
  TYPE LINE
  CONNECTIONTYPE OGR
  CONNECTION "/data/gold/atlas_4326/rivers.shp"
  DATA "rivers"
  CLASSITEM "RIV_ORDER"
  METADATA
    "wms_title" "Ethiopia - Rivers"
    "wms_srs" "EPSG:3857 EPSG:4326"
    "wms_enable_request" "*"
    "wms_queryable" "true"
    "wms_feature_info_mime_type" "text/plain"
    "gml_include_items" "RIV_NAME,TYPE,CLASS,RIV_ORDER,LENGTH"
    "wms_include_items" "RIV_NAME,TYPE,CLASS,RIV_ORDER,LENGTH"
  END
  TEMPLATE "dummy.html"
  # Classified by river order
  CLASS
    NAME "Tributary"
    EXPRESSION ([RIV_ORDER] = 1)
    STYLE
      COLOR 164 184 221
      WIDTH 1
    END
  END
  CLASS
    NAME "2nd Order River"
    EXPRESSION ([RIV_ORDER] = 2)
    STYLE
      COLOR 101 135 197
      WIDTH 2
    END
  END
  CLASS
    NAME "Major River"
    EXPRESSION ([RIV_ORDER] = 3)
    STYLE
      COLOR 53 84 142
      WIDTH 3
    END
  END
  CLASS
    NAME "Other Rivers"
    STYLE
      COLOR 100 150 200
      WIDTH 1
    END
  END
END

LAYER
  NAME "ethiopia_roads_baseline"
  STATUS OFF
  TYPE LINE
  STATUS OFF
  CONNECTIONTYPE OGR
  CONNECTION "/data/gold/atlas_4326/roads.shp"
  DATA "roads"
  METADATA
    "wms_title" "Ethiopia - Roads (Baseline)"
    "wms_srs" "EPSG:3857 EPSG:4326"
    "wms_enable_request" "*"
    "wms_queryable" "true"
    "wms_feature_info_mime_type" "text/plain"
    "gml_include_items" "ROAD_TYPE,TYPE,CLASS,LENGTH"
    "wms_include_items" "ROAD_TYPE,TYPE,CLASS,LENGTH"
  END
  TEMPLATE "dummy.html"
  CLASS
    NAME "Roads (Baseline)"
    STYLE
      COLOR 150 150 150
      WIDTH 1
    END
  END
END

LAYER
  NAME "ethiopia_streams"
  STATUS OFF
  TYPE LINE
  CONNECTIONTYPE OGR
  CONNECTION "/data/gold/atlas_4326/streams.shp"
  DATA "streams"
  METADATA
    "wms_title" "Ethiopia - Streams"
    "wms_srs" "EPSG:3857 EPSG:4326"
    "wms_enable_request" "*"
    "wms_queryable" "true"
    "wms_feature_info_mime_type" "text/plain"
    "gml_include_items" "LENGTH,HYDDNETALL"
    "wms_include_items" "LENGTH,HYDDNETALL"
  END
  TEMPLATE "dummy.html"
  CLASS
    NAME "Streams"
    STYLE
      COLOR 160 190 220
      WIDTH 0.5
    END
  END
END

LAYER
  NAME "ethiopia_towns"
  STATUS ON
  TYPE POINT
  CONNECTIONTYPE OGR
  CONNECTION "/data/gold/atlas_4326/towns.shp"
  DATA "towns"
  LABELITEM "TOWN_NAME"
  LABELMAXSCALEDENOM 2000000
  METADATA
    "wms_title" "Ethiopia - Towns (by Population)"
    "wms_srs" "EPSG:3857 EPSG:4326"
    "wms_enable_request" "*"
    "wms_queryable" "true"
    "wms_feature_info_mime_type" "text/plain"
    "gml_include_items" "TOWN_NAME,WEREDA,REGION,ZONES,POP,POPTOT"
    "wms_include_items" "TOWN_NAME,WEREDA,REGION,ZONES,POP,POPTOT"
  END
  TEMPLATE "dummy.html"
  # Graduated symbols by population
  CLASS
    NAME "0 - 50,000"
    EXPRESSION ([POPTOT] <= 50000)
    STYLE
      SYMBOL "circle"
      SIZE 5
      COLOR 255 203 197
      OUTLINECOLOR 100 50 50
    END
    LABEL
      COLOR 132 31 31
      OUTLINECOLOR 255 255 255
      OUTLINEWIDTH 2
      FONT "arial"
      TYPE TRUETYPE
      SIZE 9
      POSITION AUTO
      PARTIALS FALSE
      BUFFER 4
    END
  END
  CLASS
    NAME "50,000 - 80,000"
    EXPRESSION ([POPTOT] > 50000 AND [POPTOT] <= 80000)
    STYLE
      SYMBOL "circle"
      SIZE 7
      COLOR 255 175 169
      OUTLINECOLOR 100 50 50
    END
    LABEL
      COLOR 132 31 31
      OUTLINECOLOR 255 255 255
      OUTLINEWIDTH 2
      FONT "arial"
      TYPE TRUETYPE
      SIZE 9
      POSITION AUTO
      PARTIALS FALSE
      BUFFER 4
    END
  END
  CLASS
    NAME "80,000 - 150,000"
    EXPRESSION ([POPTOT] > 80000 AND [POPTOT] <= 150000)
    STYLE
      SYMBOL "circle"
      SIZE 9
      COLOR 255 144 141
      OUTLINECOLOR 100 50 50
    END
    LABEL
      COLOR 132 31 31
      OUTLINECOLOR 255 255 255
      OUTLINEWIDTH 2
      FONT "arial"
      TYPE TRUETYPE
      SIZE 10
      POSITION AUTO
      PARTIALS FALSE
      BUFFER 4
    END
  END
  CLASS
    NAME "> 150,000"
    EXPRESSION ([POPTOT] > 150000)
    STYLE
      SYMBOL "circle"
      SIZE 12
      COLOR 255 31 26
      OUTLINECOLOR 100 50 50
    END
    LABEL
      COLOR 132 31 31
      OUTLINECOLOR 255 255 255
      OUTLINEWIDTH 2
      FONT "arial-bold"
      TYPE TRUETYPE
      SIZE 11
      POSITION AUTO
      PARTIALS FALSE
      BUFFER 4
    END
  END
END

LAYER
  NAME "ethiopia_wetlands"
  STATUS OFF
  TYPE POLYGON
  CONNECTIONTYPE OGR
  CONNECTION "/data/gold/atlas_4326/wetlands.shp"
  DATA "wetlands"
  METADATA
    "wms_title" "Ethiopia - Wetlands"
    "wms_srs" "EPSG:3857 EPSG:4326"
    "wms_enable_request" "*"
    "wms_queryable" "true"
    "wms_feature_info_mime_type" "text/plain"
    "gml_include_items" "NAME,CLASS,CLASSTX,DESCRIP,LOCATION,HECTARES"
    "wms_include_items" "NAME,CLASS,CLASSTX,DESCRIP,LOCATION,HECTARES"
  END
  TEMPLATE "dummy.html"
  CLASS
    NAME "Wetlands"
    STYLE
      COLOR 166 255 59
      OUTLINECOLOR 0 100 0
      OPACITY 70
    END
  END
END

# --- Canonical Health Layer (Authoritative Replacement) ---
LAYER
  NAME "tigray_health_facilities_2006"
  STATUS ON
  TYPE POINT
  CONNECTIONTYPE OGR
  CONNECTION "/data/gold/atlas_4326/tigray/Health_Institutions.shp"
  DATA "Health_Institutions"
  LABELITEM "Institutio"
  LABELMAXSCALEDENOM 200000
  CLASSITEM "TYPE_OF_IN"
  TEMPLATE "dummy.html"
  METADATA
    "wms_title" "Tigray Health Facilities (2006)"
    "wms_enable_request" "*"
    "wms_queryable" "true"
    "gml_include_items" "Institutio,TYPE_OF_IN,Woreda_Nam"
    "wms_include_items" "Institutio,TYPE_OF_IN,Woreda_Nam"
  END
  # Classified by facility type
  CLASS
    NAME "Hospital"
    EXPRESSION "Hospital"
    STYLE
      SYMBOL "plus"
      SIZE 9
      COLOR 0 0 230
      OUTLINECOLOR 0 0 100
    END
    LABEL
      COLOR 0 0 0
      OUTLINECOLOR 255 255 0
      OUTLINEWIDTH 1
      FONT "arial"
      TYPE TRUETYPE
      SIZE 8
      POSITION AUTO
      PARTIALS FALSE
      BUFFER 5
    END
  END
  CLASS
    NAME "Health Center"
    EXPRESSION "Health Center"
    STYLE
      SYMBOL "plus"
      SIZE 6
      COLOR 230 76 0
      OUTLINECOLOR 100 30 0
    END
    LABEL
      COLOR 0 0 0
      OUTLINECOLOR 255 255 0
      OUTLINEWIDTH 1
      FONT "arial"
      TYPE TRUETYPE
      SIZE 8
      POSITION AUTO
      PARTIALS FALSE
      BUFFER 5
    END
  END
  CLASS
    NAME "Health Post"
    EXPRESSION "Health Post"
    STYLE
      SYMBOL "plus"
      SIZE 4
      COLOR 76 230 0
      OUTLINECOLOR 30 100 0
    END
  END
  CLASS
    NAME "Other Facility"
    STYLE
      SYMBOL "plus"
      SIZE 4
      COLOR 150 150 150
    END
  END
END
